Archive member included to satisfy reference by file (symbol)

D:/Distrib/GCC/arm-gnu-toolchain-13.2.Rel1-mingw-w64-i686-arm-none-eabi/bin/../lib/gcc/arm-none-eabi/13.2.1/thumb/v7e-m+fp/hard\libstdc++.a(atexit_arm.o)
                              CMakeFiles/Embedded_Libs.elf.dir/Main/src/main.cpp.obj (__aeabi_atexit)
D:/Distrib/GCC/arm-gnu-toolchain-13.2.Rel1-mingw-w64-i686-arm-none-eabi/bin/../lib/gcc/arm-none-eabi/13.2.1/thumb/v7e-m+fp/hard\libstdc++.a(class_type_info.o)
                              CMakeFiles/Embedded_Libs.elf.dir/Analog/all/src/analog_monitor.cpp.obj (vtable for __cxxabiv1::__class_type_info)
D:/Distrib/GCC/arm-gnu-toolchain-13.2.Rel1-mingw-w64-i686-arm-none-eabi/bin/../lib/gcc/arm-none-eabi/13.2.1/thumb/v7e-m+fp/hard\libstdc++.a(del_ops.o)
                              CMakeFiles/Embedded_Libs.elf.dir/Analog/all/src/analog_monitor.cpp.obj (operator delete(void*, unsigned int))
D:/Distrib/GCC/arm-gnu-toolchain-13.2.Rel1-mingw-w64-i686-arm-none-eabi/bin/../lib/gcc/arm-none-eabi/13.2.1/thumb/v7e-m+fp/hard\libstdc++.a(del_opv.o)
                              CMakeFiles/Embedded_Libs.elf.dir/Comm/all/src/buffer.cpp.obj (operator delete[](void*))
D:/Distrib/GCC/arm-gnu-toolchain-13.2.Rel1-mingw-w64-i686-arm-none-eabi/bin/../lib/gcc/arm-none-eabi/13.2.1/thumb/v7e-m+fp/hard\libstdc++.a(eh_arm.o)
                              CMakeFiles/Embedded_Libs.elf.dir/Analog/all/src/analog_monitor.cpp.obj (__cxa_end_cleanup)
D:/Distrib/GCC/arm-gnu-toolchain-13.2.Rel1-mingw-w64-i686-arm-none-eabi/bin/../lib/gcc/arm-none-eabi/13.2.1/thumb/v7e-m+fp/hard\libstdc++.a(eh_aux_runtime.o)
                              CMakeFiles/Embedded_Libs.elf.dir/Misc/all/src/logger.cpp.obj (__cxa_throw_bad_array_new_length)
D:/Distrib/GCC/arm-gnu-toolchain-13.2.Rel1-mingw-w64-i686-arm-none-eabi/bin/../lib/gcc/arm-none-eabi/13.2.1/thumb/v7e-m+fp/hard\libstdc++.a(eh_exception.o)
                              D:/Distrib/GCC/arm-gnu-toolchain-13.2.Rel1-mingw-w64-i686-arm-none-eabi/bin/../lib/gcc/arm-none-eabi/13.2.1/thumb/v7e-m+fp/hard\libstdc++.a(eh_arm.o) (typeinfo for __cxxabiv1::__forced_unwind)
D:/Distrib/GCC/arm-gnu-toolchain-13.2.Rel1-mingw-w64-i686-arm-none-eabi/bin/../lib/gcc/arm-none-eabi/13.2.1/thumb/v7e-m+fp/hard\libstdc++.a(eh_globals.o)
                              D:/Distrib/GCC/arm-gnu-toolchain-13.2.Rel1-mingw-w64-i686-arm-none-eabi/bin/../lib/gcc/arm-none-eabi/13.2.1/thumb/v7e-m+fp/hard\libstdc++.a(eh_arm.o) (__cxa_get_globals)
D:/Distrib/GCC/arm-gnu-toolchain-13.2.Rel1-mingw-w64-i686-arm-none-eabi/bin/../lib/gcc/arm-none-eabi/13.2.1/thumb/v7e-m+fp/hard\libstdc++.a(eh_personality.o)
                              CMakeFiles/Embedded_Libs.elf.dir/Analog/all/src/analog_monitor.cpp.obj (__gxx_personality_v0)
D:/Distrib/GCC/arm-gnu-toolchain-13.2.Rel1-mingw-w64-i686-arm-none-eabi/bin/../lib/gcc/arm-none-eabi/13.2.1/thumb/v7e-m+fp/hard\libstdc++.a(eh_terminate.o)
                              D:/Distrib/GCC/arm-gnu-toolchain-13.2.Rel1-mingw-w64-i686-arm-none-eabi/bin/../lib/gcc/arm-none-eabi/13.2.1/thumb/v7e-m+fp/hard\libstdc++.a(eh_arm.o) (std::terminate())
D:/Distrib/GCC/arm-gnu-toolchain-13.2.Rel1-mingw-w64-i686-arm-none-eabi/bin/../lib/gcc/arm-none-eabi/13.2.1/thumb/v7e-m+fp/hard\libstdc++.a(eh_throw.o)
                              D:/Distrib/GCC/arm-gnu-toolchain-13.2.Rel1-mingw-w64-i686-arm-none-eabi/bin/../lib/gcc/arm-none-eabi/13.2.1/thumb/v7e-m+fp/hard\libstdc++.a(eh_aux_runtime.o) (__cxa_throw)
D:/Distrib/GCC/arm-gnu-toolchain-13.2.Rel1-mingw-w64-i686-arm-none-eabi/bin/../lib/gcc/arm-none-eabi/13.2.1/thumb/v7e-m+fp/hard\libstdc++.a(eh_unex_handler.o)
                              D:/Distrib/GCC/arm-gnu-toolchain-13.2.Rel1-mingw-w64-i686-arm-none-eabi/bin/../lib/gcc/arm-none-eabi/13.2.1/thumb/v7e-m+fp/hard\libstdc++.a(eh_terminate.o) (__cxxabiv1::__unexpected_handler)
D:/Distrib/GCC/arm-gnu-toolchain-13.2.Rel1-mingw-w64-i686-arm-none-eabi/bin/../lib/gcc/arm-none-eabi/13.2.1/thumb/v7e-m+fp/hard\libstdc++.a(new_op.o)
                              CMakeFiles/Embedded_Libs.elf.dir/Analog/all/src/analog_monitor.cpp.obj (operator new(unsigned int))
D:/Distrib/GCC/arm-gnu-toolchain-13.2.Rel1-mingw-w64-i686-arm-none-eabi/bin/../lib/gcc/arm-none-eabi/13.2.1/thumb/v7e-m+fp/hard\libstdc++.a(new_opv.o)
                              CMakeFiles/Embedded_Libs.elf.dir/Comm/all/src/buffer.cpp.obj (operator new[](unsigned int))
D:/Distrib/GCC/arm-gnu-toolchain-13.2.Rel1-mingw-w64-i686-arm-none-eabi/bin/../lib/gcc/arm-none-eabi/13.2.1/thumb/v7e-m+fp/hard\libstdc++.a(si_class_type_info.o)
                              CMakeFiles/Embedded_Libs.elf.dir/Analog/all/src/analog_monitor.cpp.obj (vtable for __cxxabiv1::__si_class_type_info)
D:/Distrib/GCC/arm-gnu-toolchain-13.2.Rel1-mingw-w64-i686-arm-none-eabi/bin/../lib/gcc/arm-none-eabi/13.2.1/thumb/v7e-m+fp/hard\libstdc++.a(tinfo.o)
[...]
Memory Configuration

Name             Origin             Length             Attributes
CCMRAM           0x10000000         0x00010000         xrw
RAM              0x20000000         0x00020000         xrw
FLASH            0x08000000         0x00080000         xr
*default*        0x00000000         0xffffffff

Linker script and memory map

LOAD D:/Distrib/GCC/arm-gnu-toolchain-13.2.Rel1-mingw-w64-i686-arm-none-eabi/bin/../lib/gcc/arm-none-eabi/13.2.1/thumb/v7e-m+fp/hard/crti.o
LOAD D:/Distrib/GCC/arm-gnu-toolchain-13.2.Rel1-mingw-w64-i686-arm-none-eabi/bin/../lib/gcc/arm-none-eabi/13.2.1/thumb/v7e-m+fp/hard/crtbegin.o
LOAD D:/Distrib/GCC/arm-gnu-toolchain-13.2.Rel1-mingw-w64-i686-arm-none-eabi/bin/../lib/gcc/arm-none-eabi/13.2.1/thumb/v7e-m+fp/hard/crt0.o
LOAD CMakeFiles/Embedded_Libs.elf.dir/Analog/all/src/analog_monitor.cpp.obj
LOAD CMakeFiles/Embedded_Libs.elf.dir/Analog/all/src/analog_out.cpp.obj
LOAD CMakeFiles/Embedded_Libs.elf.dir/Comm/F407/src/simple_i2c.cpp.obj
LOAD CMakeFiles/Embedded_Libs.elf.dir/Comm/F407/src/simple_spi.cpp.obj
LOAD CMakeFiles/Embedded_Libs.elf.dir/Comm/F407/src/simple_uart.cpp.obj
LOAD CMakeFiles/Embedded_Libs.elf.dir/Comm/all/src/buffer.cpp.obj
LOAD CMakeFiles/Embedded_Libs.elf.dir/Control/all/src/pid.cpp.obj
LOAD CMakeFiles/Embedded_Libs.elf.dir/Control/all/src/ramp.cpp.obj
LOAD CMakeFiles/Embedded_Libs.elf.dir/Control/all/src/sequence.cpp.obj
LOAD CMakeFiles/Embedded_Libs.elf.dir/Control/all/src/three_pos.cpp.obj
LOAD CMakeFiles/Embedded_Libs.elf.dir/Control/all/src/two_pos.cpp.obj
LOAD CMakeFiles/Embedded_Libs.elf.dir/Core/Src/syscalls.c.obj
LOAD CMakeFiles/Embedded_Libs.elf.dir/Core/Src/sysmem.c.obj
LOAD CMakeFiles/Embedded_Libs.elf.dir/Core/Startup/startup_stm32f407vetx.s.obj
LOAD CMakeFiles/Embedded_Libs.elf.dir/Discrete/F407/src/coil.cpp.obj
LOAD CMakeFiles/Embedded_Libs.elf.dir/Discrete/F407/src/gpio_common.cpp.obj
LOAD CMakeFiles/Embedded_Libs.elf.dir/Discrete/F407/src/simple_input.cpp.obj
LOAD CMakeFiles/Embedded_Libs.elf.dir/Discrete/all/src/coil_with_timer.cpp.obj
LOAD CMakeFiles/Embedded_Libs.elf.dir/Discrete/all/src/programm_coil.cpp.obj
LOAD CMakeFiles/Embedded_Libs.elf.dir/Discrete/all/src/rf_impulse.cpp.obj
LOAD CMakeFiles/Embedded_Libs.elf.dir/Discrete/all/src/simple_input_delayed.cpp.obj
LOAD CMakeFiles/Embedded_Libs.elf.dir/Discrete/all/src/switch_delay.cpp.obj
LOAD CMakeFiles/Embedded_Libs.elf.dir/FreeRTOS/ARM_CM4F/port.c.obj
LOAD CMakeFiles/Embedded_Libs.elf.dir/FreeRTOS/Src/croutine.c.obj
LOAD CMakeFiles/Embedded_Libs.elf.dir/FreeRTOS/Src/event_groups.c.obj
LOAD CMakeFiles/Embedded_Libs.elf.dir/FreeRTOS/Src/heap_4.c.obj
LOAD CMakeFiles/Embedded_Libs.elf.dir/FreeRTOS/Src/list.c.obj
LOAD CMakeFiles/Embedded_Libs.elf.dir/FreeRTOS/Src/queue.c.obj
LOAD CMakeFiles/Embedded_Libs.elf.dir/FreeRTOS/Src/stream_buffer.c.obj
LOAD CMakeFiles/Embedded_Libs.elf.dir/FreeRTOS/Src/tasks.c.obj
LOAD CMakeFiles/Embedded_Libs.elf.dir/FreeRTOS/Src/timers.c.obj
LOAD CMakeFiles/Embedded_Libs.elf.dir/Main/src/main.cpp.obj
LOAD CMakeFiles/Embedded_Libs.elf.dir/Misc/F407/src/init.cpp.obj
LOAD CMakeFiles/Embedded_Libs.elf.dir/Misc/all/src/common.cpp.obj
LOAD CMakeFiles/Embedded_Libs.elf.dir/Misc/all/src/logger.cpp.obj
LOAD CMakeFiles/Embedded_Libs.elf.dir/Misc/all/src/math_fun.cpp.obj
LOAD CMakeFiles/Embedded_Libs.elf.dir/Observe/all/src/counter.cpp.obj
LOAD CMakeFiles/Embedded_Libs.elf.dir/Observe/all/src/monitor.cpp.obj
LOAD CMakeFiles/Embedded_Libs.elf.dir/Observe/all/src/moving_avg.cpp.obj
LOAD CMakeFiles/Embedded_Libs.elf.dir/Tasks/Src/led_task.cpp.obj
LOAD CMakeFiles/Embedded_Libs.elf.dir/Tasks/Src/pidTask.cpp.obj
LOAD CMakeFiles/Embedded_Libs.elf.dir/Tasks/Src/test_task.cpp.obj
LOAD CMakeFiles/Embedded_Libs.elf.dir/Timer/all/src/common_timer.cpp.obj
LOAD CMakeFiles/Embedded_Libs.elf.dir/Timer/all/src/off_delay.cpp.obj
LOAD CMakeFiles/Embedded_Libs.elf.dir/Timer/all/src/on_delay.cpp.obj
LOAD CMakeFiles/Embedded_Libs.elf.dir/Timer/all/src/pulse.cpp.obj
LOAD D:/Distrib/GCC/arm-gnu-toolchain-13.2.Rel1-mingw-w64-i686-arm-none-eabi/bin/../lib/gcc/arm-none-eabi/13.2.1/thumb/v7e-m+fp/hard\libstdc++.a
LOAD D:/Distrib/GCC/arm-gnu-toolchain-13.2.Rel1-mingw-w64-i686-arm-none-eabi/bin/../lib/gcc/arm-none-eabi/13.2.1/thumb/v7e-m+fp/hard\libm.a
START GROUP
LOAD D:/Distrib/GCC/arm-gnu-toolchain-13.2.Rel1-mingw-w64-i686-arm-none-eabi/bin/../lib/gcc/arm-none-eabi/13.2.1/thumb/v7e-m+fp/hard\libgcc.a
LOAD D:/Distrib/GCC/arm-gnu-toolchain-13.2.Rel1-mingw-w64-i686-arm-none-eabi/bin/../lib/gcc/arm-none-eabi/13.2.1/thumb/v7e-m+fp/hard\libg.a
LOAD D:/Distrib/GCC/arm-gnu-toolchain-13.2.Rel1-mingw-w64-i686-arm-none-eabi/bin/../lib/gcc/arm-none-eabi/13.2.1/thumb/v7e-m+fp/hard\libc.a
END GROUP
LOAD D:/Distrib/GCC/arm-gnu-toolchain-13.2.Rel1-mingw-w64-i686-arm-none-eabi/bin/../lib/gcc/arm-none-eabi/13.2.1/thumb/v7e-m+fp/hard/crtend.o
LOAD D:/Distrib/GCC/arm-gnu-toolchain-13.2.Rel1-mingw-w64-i686-arm-none-eabi/bin/../lib/gcc/arm-none-eabi/13.2.1/thumb/v7e-m+fp/hard/crtn.o
                0x20020000                        _estack = (ORIGIN (RAM) + LENGTH (RAM))
                0x00004000                        _Min_Heap_Size = 0x4000
                0x00008000                        _Min_Stack_Size = 0x8000

.isr_vector     0x08000000      0x188
                0x08000000                        . = ALIGN (0x4)
 *(.isr_vector)
 .isr_vector    0x08000000      0x188 CMakeFiles/Embedded_Libs.elf.dir/Core/Startup/startup_stm32f407vetx.s.obj
                0x08000000                g_pfnVectors
                0x08000188                        . = ALIGN (0x4)

.text           0x080001c0    0x14690
                0x080001c0                        . = ALIGN (0x4)
 *(.text)
 .text          0x080001c0      0x378 D:/Distrib/GCC/arm-gnu-toolchain-13.2.Rel1-mingw-w64-i686-arm-none-eabi/bin/../lib/gcc/arm-none-eabi/13.2.1/thumb/v7e-m+fp/hard\libgcc.a(_arm_addsubdf3.o)
                0x080001c0                __aeabi_drsub
                0x080001c8                __aeabi_dsub
                0x080001c8                __subdf3
                0x080001cc                __aeabi_dadd
                0x080001cc                __adddf3
                0x08000444                __floatunsidf
                0x08000444                __aeabi_ui2d
                0x08000464                __floatsidf
                0x08000464                __aeabi_i2d
                0x08000488                __aeabi_f2d
                0x08000488                __extendsfdf2
                0x080004cc                __floatundidf
                0x080004cc                __aeabi_ul2d
                0x080004dc                __floatdidf
                0x080004dc                __aeabi_l2d
 .text          0x08000538       0x40 D:/Distrib/GCC/arm-gnu-toolchain-13.2.Rel1-mingw-w64-i686-arm-none-eabi/bin/../lib/gcc/arm-none-eabi/13.2.1/thumb/v7e-m+fp/hard\libgcc.a(_arm_fixunsdfsi.o)
                0x08000538                __aeabi_d2uiz
                0x08000538                __fixunsdfsi
 .text          0x08000578      0x1ac D:/Distrib/GCC/arm-gnu-toolchain-13.2.Rel1-mingw-w64-i686-arm-none-eabi/bin/../lib/gcc/arm-none-eabi/13.2.1/thumb/v7e-m+fp/hard\libgcc.a(libunwind.o)
                0x08000578                __restore_core_regs
                0x08000578                restore_core_regs
                0x08000590                __gnu_Unwind_Restore_VFP
                0x08000598                __gnu_Unwind_Save_VFP
                0x080005a0                __gnu_Unwind_Restore_VFP_D
                0x080005a8                __gnu_Unwind_Save_VFP_D
                0x080005b0                __gnu_Unwind_Restore_VFP_D_16_to_31
                0x080005b8                __gnu_Unwind_Save_VFP_D_16_to_31
                0x080005c0                __gnu_Unwind_Restore_WMMXD
                0x08000604                __gnu_Unwind_Save_WMMXD
                0x08000648                __gnu_Unwind_Restore_WMMXC
                0x0800065c                __gnu_Unwind_Save_WMMXC
                0x08000670                ___Unwind_RaiseException
                0x08000670                _Unwind_RaiseException
                0x08000694                _Unwind_Resume
                0x08000694                ___Unwind_Resume
                0x080006b8                _Unwind_Resume_or_Rethrow
                0x080006b8                ___Unwind_Resume_or_Rethrow
                0x080006dc                _Unwind_ForcedUnwind
                0x080006dc                ___Unwind_ForcedUnwind
                0x08000700                ___Unwind_Backtrace
                0x08000700                _Unwind_Backtrace
 *fill*         0x08000724       0x1c 
 .text          0x08000740      0x2e0 D:/Distrib/GCC/arm-gnu-toolchain-13.2.Rel1-mingw-w64-i686-arm-none-eabi/bin/../lib/gcc/arm-none-eabi/13.2.1/thumb/v7e-m+fp/hard\libg.a(libc_a-strcmp.o)
                0x08000740                strcmp
 .text          0x08000a20       0xa0 D:/Distrib/GCC/arm-gnu-toolchain-13.2.Rel1-mingw-w64-i686-arm-none-eabi/bin/../lib/gcc/arm-none-eabi/13.2.1/thumb/v7e-m+fp/hard\libg.a(libc_a-memchr.o)
                0x08000a20                memchr
 .text          0x08000ac0      0x134 D:/Distrib/GCC/arm-gnu-toolchain-13.2.Rel1-mingw-w64-i686-arm-none-eabi/bin/../lib/gcc/arm-none-eabi/13.2.1/thumb/v7e-m+fp/hard\libg.a(libc_a-memcpy.o)
                0x08000ac0                memcpy
 *fill*         0x08000bf4        0xc 
 .text          0x08000c00       0xd8 D:/Distrib/GCC/arm-gnu-toolchain-13.2.Rel1-mingw-w64-i686-arm-none-eabi/bin/../lib/gcc/arm-none-eabi/13.2.1/thumb/v7e-m+fp/hard\libg.a(libc_a-strlen.o)
                0x08000c00                strlen
 .text          0x08000cd8      0x424 D:/Distrib/GCC/arm-gnu-toolchain-13.2.Rel1-mingw-w64-i686-arm-none-eabi/bin/../lib/gcc/arm-none-eabi/13.2.1/thumb/v7e-m+fp/hard\libgcc.a(_arm_muldivdf3.o)
                0x08000cd8                __aeabi_dmul
                0x08000cd8                __muldf3
                0x08000f2c                __divdf3
                0x08000f2c                __aeabi_ddiv
 .text          0x080010fc      0x110 D:/Distrib/GCC/arm-gnu-toolchain-13.2.Rel1-mingw-w64-i686-arm-none-eabi/bin/../lib/gcc/arm-none-eabi/13.2.1/thumb/v7e-m+fp/hard\libgcc.a(_arm_cmpdf2.o)
                0x080010fc                __gtdf2
                0x080010fc                __gedf2
                0x08001104                __ltdf2
                0x08001104                __ledf2
                0x0800110c                __nedf2
                0x0800110c                __eqdf2
                0x0800110c                __cmpdf2
                0x08001188                __aeabi_cdrcmple
                0x08001198                __aeabi_cdcmpeq
                0x08001198                __aeabi_cdcmple
                0x080011a8                __aeabi_dcmpeq
                0x080011bc                __aeabi_dcmplt
                0x080011d0                __aeabi_dcmple
                0x080011e4                __aeabi_dcmpge
                0x080011f8                __aeabi_dcmpgt
 .text          0x0800120c       0x2c D:/Distrib/GCC/arm-gnu-toolchain-13.2.Rel1-mingw-w64-i686-arm-none-eabi/bin/../lib/gcc/arm-none-eabi/13.2.1/thumb/v7e-m+fp/hard\libgcc.a(_arm_unorddf2.o)
                0x0800120c                __unorddf2
                0x0800120c                __aeabi_dcmpun
 .text          0x08001238       0x50 D:/Distrib/GCC/arm-gnu-toolchain-13.2.Rel1-mingw-w64-i686-arm-none-eabi/bin/../lib/gcc/arm-none-eabi/13.2.1/thumb/v7e-m+fp/hard\libgcc.a(_arm_fixdfsi.o)
                0x08001238                __aeabi_d2iz
                0x08001238                __fixdfsi
 *(.text*)
 .text.deregister_tm_clones
                0x08001288       0x1c D:/Distrib/GCC/arm-gnu-toolchain-13.2.Rel1-mingw-w64-i686-arm-none-eabi/bin/../lib/gcc/arm-none-eabi/13.2.1/thumb/v7e-m+fp/hard/crtbegin.o
 .text.register_tm_clones
                0x080012a4       0x24 D:/Distrib/GCC/arm-gnu-toolchain-13.2.Rel1-mingw-w64-i686-arm-none-eabi/bin/../lib/gcc/arm-none-eabi/13.2.1/thumb/v7e-m+fp/hard/crtbegin.o
 .text.__do_global_dtors_aux
                0x080012c8       0x28 D:/Distrib/GCC/arm-gnu-toolchain-13.2.Rel1-mingw-w64-i686-arm-none-eabi/bin/../lib/gcc/arm-none-eabi/13.2.1/thumb/v7e-m+fp/hard/crtbegin.o
 .text.frame_dummy
                0x080012f0       0x24 D:/Distrib/GCC/arm-gnu-toolchain-13.2.Rel1-mingw-w64-i686-arm-none-eabi/bin/../lib/gcc/arm-none-eabi/13.2.1/thumb/v7e-m+fp/hard/crtbegin.o
 .text._ZN17IUpdatedSomewhereC2Ev
                0x08001314       0x20 CMakeFiles/Embedded_Libs.elf.dir/Analog/all/src/analog_monitor.cpp.obj
                0x08001314                IUpdatedSomewhere::IUpdatedSomewhere()
                0x08001314                IUpdatedSomewhere::IUpdatedSomewhere()
 .text._Z5limitIfET_S0_S0_S0_
                0x08001334       0x70 CMakeFiles/Embedded_Libs.elf.dir/Analog/all/src/analog_out.cpp.obj
                0x08001334                float limit<float>(float, float, float)
 .text._Z6toggleIfEvPT_S1_
                0x080013a4       0x2a CMakeFiles/Embedded_Libs.elf.dir/Analog/all/src/analog_out.cpp.obj
                0x080013a4                void toggle<float>(float*, float*)
 *fill*         0x080013ce        0x2 
 .text._ZN11IUpdated1msC2Ev
                0x080013d0       0x20 CMakeFiles/Embedded_Libs.elf.dir/Comm/F407/src/simple_i2c.cpp.obj
                0x080013d0                IUpdated1ms::IUpdated1ms()
                0x080013d0                IUpdated1ms::IUpdated1ms()
 .text._ZN9SimpleI2CC2EP11I2C_TypeDef9GPIO_InfoS2_h8I2C_Mode8I2C_Dutytm
                0x080013f0      0x22c CMakeFiles/Embedded_Libs.elf.dir/Comm/F407/src/simple_i2c.cpp.obj
                0x080013f0                SimpleI2C::SimpleI2C(I2C_TypeDef*, GPIO_Info, GPIO_Info, unsigned char, I2C_Mode, I2C_Duty, unsigned short, unsigned long)
                0x080013f0                SimpleI2C::SimpleI2C(I2C_TypeDef*, GPIO_Info, GPIO_Info, unsigned char, I2C_Mode, I2C_Duty, unsigned short, unsigned long)
 .text._ZN9SimpleI2C10adjustGPIOE9GPIO_Info
                0x0800161c      0x158 CMakeFiles/Embedded_Libs.elf.dir/Comm/F407/src/simple_i2c.cpp.obj
                0x0800161c                SimpleI2C::adjustGPIO(GPIO_Info)
 .text._ZN9SimpleI2C8resetI2CEv
                0x08001774       0x5a CMakeFiles/Embedded_Libs.elf.dir/Comm/F407/src/simple_i2c.cpp.obj
                0x08001774                SimpleI2C::resetI2C()
 .text._ZN9SimpleI2C9update1msEv
                0x080017ce       0x18 CMakeFiles/Embedded_Libs.elf.dir/Comm/F407/src/simple_i2c.cpp.obj
                0x080017ce                SimpleI2C::update1ms()
 .text._ZThn16_N9SimpleI2C9update1msEv
                0x080017e6        0x8 CMakeFiles/Embedded_Libs.elf.dir/Comm/F407/src/simple_i2c.cpp.obj
                0x080017e6                non-virtual thunk to SimpleI2C::update1ms()
 .text._Z6setBitIVmEvRT_m
                0x080017ee       0x22 CMakeFiles/Embedded_Libs.elf.dir/Comm/F407/src/simple_i2c.cpp.obj
                0x080017ee                void setBit<unsigned long volatile>(unsigned long volatile&, unsigned long)
 .text._Z5limitIhET_S0_S0_S0_
                0x08001810       0x4a CMakeFiles/Embedded_Libs.elf.dir/Comm/F407/src/simple_i2c.cpp.obj
                0x08001810                unsigned char limit<unsigned char>(unsigned char, unsigned char, unsigned char)
 .text._Z14setRegValShiftIVmEvRT_mm
                0x0800185a       0x4a CMakeFiles/Embedded_Libs.elf.dir/Comm/F407/src/simple_i2c.cpp.obj
                0x0800185a                void setRegValShift<unsigned long volatile>(unsigned long volatile&, unsigned long, unsigned long)
 .text._Z8resetBitIVmEvRT_m
                0x080018a4       0x24 CMakeFiles/Embedded_Libs.elf.dir/Comm/F407/src/simple_i2c.cpp.obj
                0x080018a4                void resetBit<unsigned long volatile>(unsigned long volatile&, unsigned long)
 .text._Z11setBitByPosIVmEvRT_m
                0x080018c8       0x28 CMakeFiles/Embedded_Libs.elf.dir/Comm/F407/src/simple_i2c.cpp.obj
                0x080018c8                void setBitByPos<unsigned long volatile>(unsigned long volatile&, unsigned long)
 .text._Z9bitIsZeroIVmEbRT_m
                0x080018f0       0x26 CMakeFiles/Embedded_Libs.elf.dir/Comm/F407/src/simple_i2c.cpp.obj
                0x080018f0                bool bitIsZero<unsigned long volatile>(unsigned long volatile&, unsigned long)
 .text._Z8bitIsOneIVmEbRT_m
                0x08001916       0x26 CMakeFiles/Embedded_Libs.elf.dir/Comm/F407/src/simple_i2c.cpp.obj
                0x08001916                bool bitIsOne<unsigned long volatile>(unsigned long volatile&, unsigned long)
 .text._Z9fillArrayIhEvPT_mS0_
                0x0800193c       0x3a CMakeFiles/Embedded_Libs.elf.dir/Comm/F407/src/simple_i2c.cpp.obj
                0x0800193c                void fillArray<unsigned char>(unsigned char*, unsigned long, unsigned char)
 .text._Z6toggleIhEvPT_S1_
                0x08001976       0x2a CMakeFiles/Embedded_Libs.elf.dir/Comm/F407/src/simple_i2c.cpp.obj
                0x08001976                void toggle<unsigned char>(unsigned char*, unsigned char*)
 .text._Z11getPositionImEaT_
                0x080019a0       0x54 CMakeFiles/Embedded_Libs.elf.dir/Comm/F407/src/simple_i2c.cpp.obj
                0x080019a0                signed char getPosition<unsigned long>(unsigned long)
 .text._Z6getBitIVmEbRT_m
                0x080019f4       0x28 CMakeFiles/Embedded_Libs.elf.dir/Comm/F407/src/simple_i2c.cpp.obj
                0x080019f4                bool getBit<unsigned long volatile>(unsigned long volatile&, unsigned long)
 .text._ZN9SimpleSPIC2EP11SPI_TypeDef9GPIO_InfoS2_S2_tt6POLPHAS3_8SPI_data9SPI_frameR4Coiltm
                0x08001a1c      0x200 CMakeFiles/Embedded_Libs.elf.dir/Comm/F407/src/simple_spi.cpp.obj
                0x08001a1c                SimpleSPI::SimpleSPI(SPI_TypeDef*, GPIO_Info, GPIO_Info, GPIO_Info, unsigned short, unsigned short, POLPHA, POLPHA, SPI_data, SPI_frame, Coil&, unsigned short, unsigned long)
                0x08001a1c                SimpleSPI::SimpleSPI(SPI_TypeDef*, GPIO_Info, GPIO_Info, GPIO_Info, unsigned short, unsigned short, POLPHA, POLPHA, SPI_data, SPI_frame, Coil&, unsigned short, unsigned long)
 .text._ZN9SimpleSPI10adjustGPIOE9GPIO_Infoh
                0x08001c1c      0x150 CMakeFiles/Embedded_Libs.elf.dir/Comm/F407/src/simple_spi.cpp.obj
                0x08001c1c                SimpleSPI::adjustGPIO(GPIO_Info, unsigned char)
 .text._ZN9SimpleSPI9update1msEv
                0x08001d6c       0x18 CMakeFiles/Embedded_Libs.elf.dir/Comm/F407/src/simple_spi.cpp.obj
                0x08001d6c                SimpleSPI::update1ms()
 .text._ZThn16_N9SimpleSPI9update1msEv
                0x08001d84        0x8 CMakeFiles/Embedded_Libs.elf.dir/Comm/F407/src/simple_spi.cpp.obj
                0x08001d84                non-virtual thunk to SimpleSPI::update1ms()
 .text.__NVIC_EnableIRQ
                0x08001d8c       0x3c CMakeFiles/Embedded_Libs.elf.dir/Comm/F407/src/simple_uart.cpp.obj
 .text.__NVIC_SetPriority
                0x08001dc8       0x54 CMakeFiles/Embedded_Libs.elf.dir/Comm/F407/src/simple_uart.cpp.obj
 .text._ZN10SimpleUARTC2EPV13USART_TypeDef9GPIO_InfoS3_m13USARTbaudRate11USARTparity13USARTstopBitstm
                0x08001e1c      0x2b8 CMakeFiles/Embedded_Libs.elf.dir/Comm/F407/src/simple_uart.cpp.obj
                0x08001e1c                SimpleUART::SimpleUART(USART_TypeDef volatile*, GPIO_Info, GPIO_Info, unsigned long, USARTbaudRate, USARTparity, USARTstopBits, unsigned short, unsigned long)
                0x08001e1c                SimpleUART::SimpleUART(USART_TypeDef volatile*, GPIO_Info, GPIO_Info, unsigned long, USARTbaudRate, USARTparity, USARTstopBits, unsigned short, unsigned long)
 .text._ZN10SimpleUART10adjustGPIOER9GPIO_Infoh
                0x080020d4      0x1a4 CMakeFiles/Embedded_Libs.elf.dir/Comm/F407/src/simple_uart.cpp.obj
                0x080020d4                SimpleUART::adjustGPIO(GPIO_Info&, unsigned char)
 .text._ZN10SimpleUART10IRQhandlerEv
                0x08002278       0x3e CMakeFiles/Embedded_Libs.elf.dir/Comm/F407/src/simple_uart.cpp.obj
                0x08002278                SimpleUART::IRQhandler()
 .text._ZN10SimpleUART9update1msEv
                0x080022b6       0x18 CMakeFiles/Embedded_Libs.elf.dir/Comm/F407/src/simple_uart.cpp.obj
                0x080022b6                SimpleUART::update1ms()
 .text._ZThn16_N10SimpleUART9update1msEv
                0x080022ce        0x8 CMakeFiles/Embedded_Libs.elf.dir/Comm/F407/src/simple_uart.cpp.obj
                0x080022ce                non-virtual thunk to SimpleUART::update1ms()
 .text._Z3minIhET_S0_S0_
                0x080022d6       0x2a CMakeFiles/Embedded_Libs.elf.dir/Comm/F407/src/simple_uart.cpp.obj
                0x080022d6                unsigned char min<unsigned char>(unsigned char, unsigned char)
 .text._ZN6BufferC2Et
                0x08002300       0x46 CMakeFiles/Embedded_Libs.elf.dir/Comm/all/src/buffer.cpp.obj
                0x08002300                Buffer::Buffer(unsigned short)
                0x08002300                Buffer::Buffer(unsigned short)
 .text._ZN6BufferD2Ev
                0x08002346       0x24 CMakeFiles/Embedded_Libs.elf.dir/Comm/all/src/buffer.cpp.obj
                0x08002346                Buffer::~Buffer()
                0x08002346                Buffer::~Buffer()
 .text._ZNK6Buffer8limIndexERt
                0x0800236a       0x2e CMakeFiles/Embedded_Libs.elf.dir/Comm/all/src/buffer.cpp.obj
                0x0800236a                Buffer::limIndex(unsigned short&) const
 .text._ZNK6Buffer7limQuanERtt
                0x08002398       0x32 CMakeFiles/Embedded_Libs.elf.dir/Comm/all/src/buffer.cpp.obj
                0x08002398                Buffer::limQuan(unsigned short&, unsigned short) const
 .text._ZN6Buffer11clearXBytesEtth
                0x080023ca       0x7e CMakeFiles/Embedded_Libs.elf.dir/Comm/all/src/buffer.cpp.obj
                0x080023ca                Buffer::clearXBytes(unsigned short, unsigned short, unsigned char)
 .text._ZN6Buffer7addByteEh
                0x08002448       0x3e CMakeFiles/Embedded_Libs.elf.dir/Comm/all/src/buffer.cpp.obj
                0x08002448                Buffer::addByte(unsigned char)
 .text._ZN6Buffer7getWordEt
                0x08002486       0x26 CMakeFiles/Embedded_Libs.elf.dir/Comm/all/src/buffer.cpp.obj
                0x08002486                Buffer::getWord(unsigned short)
 .text._ZN6Buffer7getWordEPttt
                0x080024ac       0x52 CMakeFiles/Embedded_Libs.elf.dir/Comm/all/src/buffer.cpp.obj
                0x080024ac                Buffer::getWord(unsigned short*, unsigned short, unsigned short)
 .text._ZN6Buffer9clearWordEtt
                0x080024fe       0x24 CMakeFiles/Embedded_Libs.elf.dir/Comm/all/src/buffer.cpp.obj
                0x080024fe                Buffer::clearWord(unsigned short, unsigned short)
 .text._ZN6Buffer9clearWordEt
                0x08002522       0x20 CMakeFiles/Embedded_Libs.elf.dir/Comm/all/src/buffer.cpp.obj
                0x08002522                Buffer::clearWord(unsigned short)
 .text._Z3minItET_S0_S0_
                0x08002542       0x2a CMakeFiles/Embedded_Libs.elf.dir/Comm/all/src/buffer.cpp.obj
                0x08002542                unsigned short min<unsigned short>(unsigned short, unsigned short)
 .text._Z20deleteElementInArrayIhtEvPT_T0_S2_S2_S0_
                0x0800256c       0x78 CMakeFiles/Embedded_Libs.elf.dir/Comm/all/src/buffer.cpp.obj
                0x0800256c                void deleteElementInArray<unsigned char, unsigned short>(unsigned char*, unsigned short, unsigned short, unsigned short, unsigned char)
 .text._Z4getXItET_tPht
                0x080025e4       0x82 CMakeFiles/Embedded_Libs.elf.dir/Comm/all/src/buffer.cpp.obj
                0x080025e4                unsigned short getX<unsigned short>(unsigned short, unsigned char*, unsigned short)
 *fill*         0x08002666        0x2 
 .text._ZN6PIDregC2Etfffffffb
                0x08002668       0xd8 CMakeFiles/Embedded_Libs.elf.dir/Control/all/src/pid.cpp.obj
                0x08002668                PIDreg::PIDreg(unsigned short, float, float, float, float, float, float, float, bool)
                0x08002668                PIDreg::PIDreg(unsigned short, float, float, float, float, float, float, float, bool)
 .text._ZN6PIDreg4getTEv
                0x08002740       0x18 CMakeFiles/Embedded_Libs.elf.dir/Control/all/src/pid.cpp.obj
                0x08002740                PIDreg::getT()
 .text._ZN6PIDreg5setPvEf
                0x08002758       0x24 CMakeFiles/Embedded_Libs.elf.dir/Control/all/src/pid.cpp.obj
                0x08002758                PIDreg::setPv(float)
 .text._ZN6PIDreg5setKpEf
                0x0800277c       0x20 CMakeFiles/Embedded_Libs.elf.dir/Control/all/src/pid.cpp.obj
                0x0800277c                PIDreg::setKp(float)
 .text._ZN6PIDreg5setTiEf
                0x0800279c       0x20 CMakeFiles/Embedded_Libs.elf.dir/Control/all/src/pid.cpp.obj
                0x0800279c                PIDreg::setTi(float)
 .text._ZN6PIDreg5setTdEf
                0x080027bc       0x20 CMakeFiles/Embedded_Libs.elf.dir/Control/all/src/pid.cpp.obj
                0x080027bc                PIDreg::setTd(float)
 .text._ZN6PIDreg7setAutoEb
                0x080027dc       0x20 CMakeFiles/Embedded_Libs.elf.dir/Control/all/src/pid.cpp.obj
                0x080027dc                PIDreg::setAuto(bool)
 .text._ZN6PIDreg15updateSomewhereEv
                0x080027fc      0x106 CMakeFiles/Embedded_Libs.elf.dir/Control/all/src/pid.cpp.obj
                0x080027fc                PIDreg::updateSomewhere()
 .text._ZN6PIDreg5resetEv
                0x08002902       0x34 CMakeFiles/Embedded_Libs.elf.dir/Control/all/src/pid.cpp.obj
                0x08002902                PIDreg::reset()
 .text._ZN6PIDreg10updateKoefEv
                0x08002936      0x10c CMakeFiles/Embedded_Libs.elf.dir/Control/all/src/pid.cpp.obj
                0x08002936                PIDreg::updateKoef()
 .text._ZN6PIDregaSEf
                0x08002a42       0x20 CMakeFiles/Embedded_Libs.elf.dir/Control/all/src/pid.cpp.obj
                0x08002a42                PIDreg::operator=(float)
 .text._Z3absIfET_S0_
                0x08002a62       0x38 CMakeFiles/Embedded_Libs.elf.dir/Control/all/src/pid.cpp.obj
                0x08002a62                float abs<float>(float)
 .text._getpid  0x08002a9a       0x10 CMakeFiles/Embedded_Libs.elf.dir/Core/Src/syscalls.c.obj
                0x08002a9a                _getpid
 .text._kill    0x08002aaa       0x20 CMakeFiles/Embedded_Libs.elf.dir/Core/Src/syscalls.c.obj
                0x08002aaa                _kill
 .text._exit    0x08002aca       0x14 CMakeFiles/Embedded_Libs.elf.dir/Core/Src/syscalls.c.obj
                0x08002aca                _exit
 .text._read    0x08002ade       0x3a CMakeFiles/Embedded_Libs.elf.dir/Core/Src/syscalls.c.obj
                0x08002ade                _read
 .text._write   0x08002b18       0x38 CMakeFiles/Embedded_Libs.elf.dir/Core/Src/syscalls.c.obj
                0x08002b18                _write
 .text._close   0x08002b50       0x18 CMakeFiles/Embedded_Libs.elf.dir/Core/Src/syscalls.c.obj
                0x08002b50                _close
 .text._fstat   0x08002b68       0x20 CMakeFiles/Embedded_Libs.elf.dir/Core/Src/syscalls.c.obj
                0x08002b68                _fstat
 .text._isatty  0x08002b88       0x16 CMakeFiles/Embedded_Libs.elf.dir/Core/Src/syscalls.c.obj
                0x08002b88                _isatty
 .text._lseek   0x08002b9e       0x1a CMakeFiles/Embedded_Libs.elf.dir/Core/Src/syscalls.c.obj
                0x08002b9e                _lseek
 .text._sbrk    0x08002bb8       0x6c CMakeFiles/Embedded_Libs.elf.dir/Core/Src/sysmem.c.obj
                0x08002bb8                _sbrk
 .text.Reset_Handler
                0x08002c24       0x50 CMakeFiles/Embedded_Libs.elf.dir/Core/Startup/startup_stm32f407vetx.s.obj
                0x08002c24                Reset_Handler
 .text.Default_Handler
                0x08002c74        0x2 CMakeFiles/Embedded_Libs.elf.dir/Core/Startup/startup_stm32f407vetx.s.obj
                0x08002c74                RTC_Alarm_IRQHandler
                0x08002c74                HASH_RNG_IRQHandler
                0x08002c74                EXTI2_IRQHandler
                0x08002c74                TIM8_CC_IRQHandler
                0x08002c74                DebugMon_Handler
                0x08002c74                TIM1_CC_IRQHandler
                0x08002c74                DMA2_Stream5_IRQHandler
                0x08002c74                HardFault_Handler
                0x08002c74                DMA1_Stream5_IRQHandler
                0x08002c74                PVD_IRQHandler
                0x08002c74                SDIO_IRQHandler
                0x08002c74                TAMP_STAMP_IRQHandler
                0x08002c74                NMI_Handler
                0x08002c74                CAN2_RX1_IRQHandler
                0x08002c74                EXTI3_IRQHandler
                0x08002c74                TIM8_TRG_COM_TIM14_IRQHandler
                0x08002c74                TIM1_UP_TIM10_IRQHandler
                0x08002c74                TIM8_UP_TIM13_IRQHandler
                0x08002c74                I2C3_ER_IRQHandler
                0x08002c74                EXTI0_IRQHandler
                0x08002c74                I2C2_EV_IRQHandler
                0x08002c74                DMA1_Stream2_IRQHandler
                0x08002c74                CAN1_RX0_IRQHandler
                0x08002c74                FPU_IRQHandler
                0x08002c74                OTG_HS_WKUP_IRQHandler
                0x08002c74                UsageFault_Handler
                0x08002c74                CAN2_SCE_IRQHandler
                0x08002c74                DMA2_Stream2_IRQHandler
                0x08002c74                SPI1_IRQHandler
                0x08002c74                TIM6_DAC_IRQHandler
                0x08002c74                TIM1_BRK_TIM9_IRQHandler
                0x08002c74                DCMI_IRQHandler
                0x08002c74                CAN2_RX0_IRQHandler
                0x08002c74                DMA2_Stream3_IRQHandler
                0x08002c74                USART6_IRQHandler
                0x08002c74                USART3_IRQHandler
                0x08002c74                CAN1_RX1_IRQHandler
                0x08002c74                UART5_IRQHandler
                0x08002c74                DMA2_Stream0_IRQHandler
                0x08002c74                TIM4_IRQHandler
                0x08002c74                I2C1_EV_IRQHandler
                0x08002c74                DMA1_Stream6_IRQHandler
                0x08002c74                DMA1_Stream1_IRQHandler
                0x08002c74                UART4_IRQHandler
                0x08002c74                TIM3_IRQHandler
                0x08002c74                RCC_IRQHandler
                0x08002c74                TIM8_BRK_TIM12_IRQHandler
                0x08002c74                Default_Handler
                0x08002c74                EXTI15_10_IRQHandler
                0x08002c74                ADC_IRQHandler
                0x08002c74                DMA1_Stream7_IRQHandler
                0x08002c74                TIM7_IRQHandler
                0x08002c74                CAN2_TX_IRQHandler
                0x08002c74                TIM5_IRQHandler
                0x08002c74                DMA2_Stream7_IRQHandler
                0x08002c74                I2C3_EV_IRQHandler
                0x08002c74                EXTI9_5_IRQHandler
                0x08002c74                RTC_WKUP_IRQHandler
                0x08002c74                ETH_WKUP_IRQHandler
                0x08002c74                SPI2_IRQHandler
                0x08002c74                OTG_HS_EP1_IN_IRQHandler
                0x08002c74                MemManage_Handler
                0x08002c74                DMA1_Stream0_IRQHandler
                0x08002c74                CAN1_TX_IRQHandler
                0x08002c74                EXTI4_IRQHandler
                0x08002c74                FSMC_IRQHandler
                0x08002c74                ETH_IRQHandler
                0x08002c74                OTG_HS_EP1_OUT_IRQHandler
                0x08002c74                WWDG_IRQHandler
                0x08002c74                OTG_FS_WKUP_IRQHandler
                0x08002c74                TIM1_TRG_COM_TIM11_IRQHandler
                0x08002c74                OTG_HS_IRQHandler
                0x08002c74                EXTI1_IRQHandler
                0x08002c74                USART2_IRQHandler
                0x08002c74                I2C2_ER_IRQHandler
                0x08002c74                DMA2_Stream1_IRQHandler
                0x08002c74                CAN1_SCE_IRQHandler
                0x08002c74                FLASH_IRQHandler
                0x08002c74                DMA2_Stream4_IRQHandler
                0x08002c74                BusFault_Handler
                0x08002c74                OTG_FS_IRQHandler
                0x08002c74                SPI3_IRQHandler
                0x08002c74                DMA1_Stream4_IRQHandler
                0x08002c74                I2C1_ER_IRQHandler
                0x08002c74                DMA2_Stream6_IRQHandler
                0x08002c74                DMA1_Stream3_IRQHandler
 *fill*         0x08002c76        0x2 
 .text._ZN7ISwitchC2Ev
                0x08002c78       0x20 CMakeFiles/Embedded_Libs.elf.dir/Discrete/F407/src/coil.cpp.obj
                0x08002c78                ISwitch::ISwitch()
                0x08002c78                ISwitch::ISwitch()
 .text._ZN12ProgrammCoilC2Ev
                0x08002c98       0x24 CMakeFiles/Embedded_Libs.elf.dir/Discrete/F407/src/coil.cpp.obj
                0x08002c98                ProgrammCoil::ProgrammCoil()
                0x08002c98                ProgrammCoil::ProgrammCoil()
 .text._ZN4CoilC2E9GPIO_Info
                0x08002cbc       0x54 CMakeFiles/Embedded_Libs.elf.dir/Discrete/F407/src/coil.cpp.obj
                0x08002cbc                Coil::Coil(GPIO_Info)
                0x08002cbc                Coil::Coil(GPIO_Info)
 .text._ZN4Coil8isActiveEv
                0x08002d10       0x30 CMakeFiles/Embedded_Libs.elf.dir/Discrete/F407/src/coil.cpp.obj
                0x08002d10                Coil::isActive()
 .text._ZN4Coil8setValueEb
                0x08002d40       0x5c CMakeFiles/Embedded_Libs.elf.dir/Discrete/F407/src/coil.cpp.obj
                0x08002d40                Coil::setValue(bool)
 .text._ZN4CoilaSEb
                0x08002d9c       0x26 CMakeFiles/Embedded_Libs.elf.dir/Discrete/F407/src/coil.cpp.obj
                0x08002d9c                Coil::operator=(bool)
 *fill*         0x08002dc2        0x2 
 .text._ZN10GPIOcommonC2E9GPIO_Info
                0x08002dc4      0x128 CMakeFiles/Embedded_Libs.elf.dir/Discrete/F407/src/gpio_common.cpp.obj
                0x08002dc4                GPIOcommon::GPIOcommon(GPIO_Info)
                0x08002dc4                GPIOcommon::GPIOcommon(GPIO_Info)
 .text._ZN11SimpleInputC2E9GPIO_Info
                0x08002eec       0x70 CMakeFiles/Embedded_Libs.elf.dir/Discrete/F407/src/simple_input.cpp.obj
                0x08002eec                SimpleInput::SimpleInput(GPIO_Info)
                0x08002eec                SimpleInput::SimpleInput(GPIO_Info)
 .text._ZN11SimpleInput8isActiveEv
                0x08002f5c       0x30 CMakeFiles/Embedded_Libs.elf.dir/Discrete/F407/src/simple_input.cpp.obj
                0x08002f5c                SimpleInput::isActive()
 .text._ZN12CoilOffDelayC2E9GPIO_Infot
                0x08002f8c       0x60 CMakeFiles/Embedded_Libs.elf.dir/Discrete/all/src/coil_with_timer.cpp.obj
                0x08002f8c                CoilOffDelay::CoilOffDelay(GPIO_Info, unsigned short)
                0x08002f8c                CoilOffDelay::CoilOffDelay(GPIO_Info, unsigned short)
 .text._ZN12CoilOffDelay9update1msEv
                0x08002fec       0x30 CMakeFiles/Embedded_Libs.elf.dir/Discrete/all/src/coil_with_timer.cpp.obj
                0x08002fec                CoilOffDelay::update1ms()
 .text._ZThn32_N12CoilOffDelay9update1msEv
                0x0800301c        0x8 CMakeFiles/Embedded_Libs.elf.dir/Discrete/all/src/coil_with_timer.cpp.obj
                0x0800301c                non-virtual thunk to CoilOffDelay::update1ms()
 .text._ZN12CoilOffDelay8setValueEb
                0x08003024       0x20 CMakeFiles/Embedded_Libs.elf.dir/Discrete/all/src/coil_with_timer.cpp.obj
                0x08003024                CoilOffDelay::setValue(bool)
 .text._ZThn16_N12CoilOffDelay8setValueEb
                0x08003044        0x8 CMakeFiles/Embedded_Libs.elf.dir/Discrete/all/src/coil_with_timer.cpp.obj
                0x08003044                non-virtual thunk to CoilOffDelay::setValue(bool)
 .text._ZN12CoilOffDelayaSEb
                0x0800304c       0x26 CMakeFiles/Embedded_Libs.elf.dir/Discrete/all/src/coil_with_timer.cpp.obj
                0x0800304c                CoilOffDelay::operator=(bool)
 .text._ZN12ProgrammCoil8isActiveEv
                0x08003072       0x18 CMakeFiles/Embedded_Libs.elf.dir/Discrete/all/src/programm_coil.cpp.obj
                0x08003072                ProgrammCoil::isActive()
 .text._ZN12ProgrammCoil8setValueEb
                0x0800308a       0x1e CMakeFiles/Embedded_Libs.elf.dir/Discrete/all/src/programm_coil.cpp.obj
                0x0800308a                ProgrammCoil::setValue(bool)
 .text._ZN12ProgrammCoil6toggleEv
                0x080030a8       0x30 CMakeFiles/Embedded_Libs.elf.dir/Discrete/all/src/programm_coil.cpp.obj
                0x080030a8                ProgrammCoil::toggle()
 .text._ZN18SimpleInputDelayedC2E9GPIO_Infot
                0x080030d8       0x60 CMakeFiles/Embedded_Libs.elf.dir/Discrete/all/src/simple_input_delayed.cpp.obj
                0x080030d8                SimpleInputDelayed::SimpleInputDelayed(GPIO_Info, unsigned short)
                0x080030d8                SimpleInputDelayed::SimpleInputDelayed(GPIO_Info, unsigned short)
 .text._ZN18SimpleInputDelayed9update1msEv
                0x08003138       0x2e CMakeFiles/Embedded_Libs.elf.dir/Discrete/all/src/simple_input_delayed.cpp.obj
                0x08003138                SimpleInputDelayed::update1ms()
 .text._ZThn28_N18SimpleInputDelayed9update1msEv
                0x08003166        0x8 CMakeFiles/Embedded_Libs.elf.dir/Discrete/all/src/simple_input_delayed.cpp.obj
                0x08003166                non-virtual thunk to SimpleInputDelayed::update1ms()
 .text._ZN18SimpleInputDelayed8isActiveEv
                0x0800316e       0x1a CMakeFiles/Embedded_Libs.elf.dir/Discrete/all/src/simple_input_delayed.cpp.obj
                0x0800316e                SimpleInputDelayed::isActive()
 .text._ZThn16_N18SimpleInputDelayed8isActiveEv
                0x08003188        0x8 CMakeFiles/Embedded_Libs.elf.dir/Discrete/all/src/simple_input_delayed.cpp.obj
                0x08003188                non-virtual thunk to SimpleInputDelayed::isActive()
 .text.pxPortInitialiseStack
                0x08003190       0x68 CMakeFiles/Embedded_Libs.elf.dir/FreeRTOS/ARM_CM4F/port.c.obj
                0x08003190                pxPortInitialiseStack
 .text.prvTaskExitError
                0x080031f8       0x34 CMakeFiles/Embedded_Libs.elf.dir/FreeRTOS/ARM_CM4F/port.c.obj
 *fill*         0x0800322c        0x4 
 .text.SVC_Handler
                0x08003230       0x28 CMakeFiles/Embedded_Libs.elf.dir/FreeRTOS/ARM_CM4F/port.c.obj
                0x08003230                SVC_Handler
 .text.prvPortStartFirstTask
                0x08003258       0x2c CMakeFiles/Embedded_Libs.elf.dir/FreeRTOS/ARM_CM4F/port.c.obj
 .text.xPortStartScheduler
                0x08003284       0x54 CMakeFiles/Embedded_Libs.elf.dir/FreeRTOS/ARM_CM4F/port.c.obj
                0x08003284                xPortStartScheduler
 .text.vPortEnterCritical
                0x080032d8       0x34 CMakeFiles/Embedded_Libs.elf.dir/FreeRTOS/ARM_CM4F/port.c.obj
                0x080032d8                vPortEnterCritical
 .text.vPortExitCritical
                0x0800330c       0x34 CMakeFiles/Embedded_Libs.elf.dir/FreeRTOS/ARM_CM4F/port.c.obj
                0x0800330c                vPortExitCritical
 .text.PendSV_Handler
                0x08003340       0x68 CMakeFiles/Embedded_Libs.elf.dir/FreeRTOS/ARM_CM4F/port.c.obj
                0x08003340                PendSV_Handler
 .text.SysTick_Handler
                0x080033a8       0x44 CMakeFiles/Embedded_Libs.elf.dir/FreeRTOS/ARM_CM4F/port.c.obj
                0x080033a8                SysTick_Handler
 .text.vPortSetupTimerInterrupt
                0x080033ec       0x38 CMakeFiles/Embedded_Libs.elf.dir/FreeRTOS/ARM_CM4F/port.c.obj
                0x080033ec                vPortSetupTimerInterrupt
 .text.vPortEnableVFP
                0x08003424       0x18 CMakeFiles/Embedded_Libs.elf.dir/FreeRTOS/ARM_CM4F/port.c.obj
 .text.pvPortMalloc
                0x0800343c      0x134 CMakeFiles/Embedded_Libs.elf.dir/FreeRTOS/Src/heap_4.c.obj
                0x0800343c                pvPortMalloc
 .text.vPortFree
                0x08003570       0x74 CMakeFiles/Embedded_Libs.elf.dir/FreeRTOS/Src/heap_4.c.obj
                0x08003570                vPortFree
 .text.prvHeapInit
                0x080035e4       0xb8 CMakeFiles/Embedded_Libs.elf.dir/FreeRTOS/Src/heap_4.c.obj
 .text.prvInsertBlockIntoFreeList
                0x0800369c       0xb4 CMakeFiles/Embedded_Libs.elf.dir/FreeRTOS/Src/heap_4.c.obj
 .text.vListInitialise
                0x08003750       0x40 CMakeFiles/Embedded_Libs.elf.dir/FreeRTOS/Src/list.c.obj
                0x08003750                vListInitialise
 .text.vListInitialiseItem
                0x08003790       0x1a CMakeFiles/Embedded_Libs.elf.dir/FreeRTOS/Src/list.c.obj
                0x08003790                vListInitialiseItem
 .text.vListInsert
                0x080037aa       0x72 CMakeFiles/Embedded_Libs.elf.dir/FreeRTOS/Src/list.c.obj
                0x080037aa                vListInsert
 .text.uxListRemove
                0x0800381c       0x54 CMakeFiles/Embedded_Libs.elf.dir/FreeRTOS/Src/list.c.obj
                0x0800381c                uxListRemove
 .text.xTaskCreate
                0x08003870       0x8c CMakeFiles/Embedded_Libs.elf.dir/FreeRTOS/Src/tasks.c.obj
                0x08003870                xTaskCreate
 .text.prvInitialiseNewTask
                0x080038fc       0xe0 CMakeFiles/Embedded_Libs.elf.dir/FreeRTOS/Src/tasks.c.obj
 .text.prvAddNewTaskToReadyList
                0x080039dc      0x12c CMakeFiles/Embedded_Libs.elf.dir/FreeRTOS/Src/tasks.c.obj
 .text.vTaskDelay
                0x08003b08       0x48 CMakeFiles/Embedded_Libs.elf.dir/FreeRTOS/Src/tasks.c.obj
                0x08003b08                vTaskDelay
 .text.vTaskStartScheduler
                0x08003b50       0x78 CMakeFiles/Embedded_Libs.elf.dir/FreeRTOS/Src/tasks.c.obj
                0x08003b50                vTaskStartScheduler
 .text.vTaskSuspendAll
                0x08003bc8       0x1c CMakeFiles/Embedded_Libs.elf.dir/FreeRTOS/Src/tasks.c.obj
                0x08003bc8                vTaskSuspendAll
 .text.xTaskResumeAll
                0x08003be4      0x1d8 CMakeFiles/Embedded_Libs.elf.dir/FreeRTOS/Src/tasks.c.obj
                0x08003be4                xTaskResumeAll
 .text.xTaskIncrementTick
                0x08003dbc      0x21c CMakeFiles/Embedded_Libs.elf.dir/FreeRTOS/Src/tasks.c.obj
                0x08003dbc                xTaskIncrementTick
 .text.vTaskSwitchContext
                0x08003fd8       0xd8 CMakeFiles/Embedded_Libs.elf.dir/FreeRTOS/Src/tasks.c.obj
                0x08003fd8                vTaskSwitchContext
 .text.prvIdleTask
                0x080040b0       0x34 CMakeFiles/Embedded_Libs.elf.dir/FreeRTOS/Src/tasks.c.obj
 .text.prvInitialiseTaskLists
                0x080040e4       0x80 CMakeFiles/Embedded_Libs.elf.dir/FreeRTOS/Src/tasks.c.obj
 .text.prvCheckTasksWaitingTermination
                0x08004164       0x5c CMakeFiles/Embedded_Libs.elf.dir/FreeRTOS/Src/tasks.c.obj
 .text.prvDeleteTCB
                0x080041c0       0x20 CMakeFiles/Embedded_Libs.elf.dir/FreeRTOS/Src/tasks.c.obj
 .text.prvResetNextTaskUnblockTime
                0x080041e0       0x38 CMakeFiles/Embedded_Libs.elf.dir/FreeRTOS/Src/tasks.c.obj
 .text.prvAddCurrentTaskToDelayedList
                0x08004218      0x100 CMakeFiles/Embedded_Libs.elf.dir/FreeRTOS/Src/tasks.c.obj
 .text.enableFPU
                0x08004318       0x24 CMakeFiles/Embedded_Libs.elf.dir/Main/src/main.cpp.obj
                0x08004318                enableFPU
 .text.vApplicationIdleHook
                0x0800433c        0xe CMakeFiles/Embedded_Libs.elf.dir/Main/src/main.cpp.obj
                0x0800433c                vApplicationIdleHook
 .text.vApplicationTickHook
                0x0800434a        0xe CMakeFiles/Embedded_Libs.elf.dir/Main/src/main.cpp.obj
                0x0800434a                vApplicationTickHook
 .text.vApplicationStackOverflowHook
                0x08004358        0xc CMakeFiles/Embedded_Libs.elf.dir/Main/src/main.cpp.obj
                0x08004358                vApplicationStackOverflowHook
 .text.TIM2_IRQHandler
                0x08004364       0x58 CMakeFiles/Embedded_Libs.elf.dir/Main/src/main.cpp.obj
                0x08004364                TIM2_IRQHandler
 .text.USART1_IRQHandler
                0x080043bc       0x14 CMakeFiles/Embedded_Libs.elf.dir/Main/src/main.cpp.obj
                0x080043bc                USART1_IRQHandler
 .text.main     0x080043d0       0x74 CMakeFiles/Embedded_Libs.elf.dir/Main/src/main.cpp.obj
                0x080043d0                main
 .text._ZN10SimpleUARTD2Ev
                0x08004444       0x30 CMakeFiles/Embedded_Libs.elf.dir/Main/src/main.cpp.obj
                0x08004444                SimpleUART::~SimpleUART()
                0x08004444                SimpleUART::~SimpleUART()
 .text._ZN9SimpleI2CD2Ev
                0x08004474       0x30 CMakeFiles/Embedded_Libs.elf.dir/Main/src/main.cpp.obj
                0x08004474                SimpleI2C::~SimpleI2C()
                0x08004474                SimpleI2C::~SimpleI2C()
 .text._ZN9SimpleSPID2Ev
                0x080044a4       0x30 CMakeFiles/Embedded_Libs.elf.dir/Main/src/main.cpp.obj
                0x080044a4                SimpleSPI::~SimpleSPI()
                0x080044a4                SimpleSPI::~SimpleSPI()
 .text._Z41__static_initialization_and_destruction_0v
                0x080044d4      0x258 CMakeFiles/Embedded_Libs.elf.dir/Main/src/main.cpp.obj
 .text._GLOBAL__sub_I_led1
                0x0800472c        0xa CMakeFiles/Embedded_Libs.elf.dir/Main/src/main.cpp.obj
 *fill*         0x08004736        0x2 
 .text.__NVIC_SetPriorityGrouping
                0x08004738       0x48 CMakeFiles/Embedded_Libs.elf.dir/Misc/F407/src/init.cpp.obj
 .text.__NVIC_EnableIRQ
                0x08004780       0x3c CMakeFiles/Embedded_Libs.elf.dir/Misc/F407/src/init.cpp.obj
 .text.__NVIC_SetPriority
                0x080047bc       0x54 CMakeFiles/Embedded_Libs.elf.dir/Misc/F407/src/init.cpp.obj
 .text._Z10commonInitv
                0x08004810        0xe CMakeFiles/Embedded_Libs.elf.dir/Misc/F407/src/init.cpp.obj
                0x08004810                commonInit()
 *fill*         0x0800481e        0x2 
 .text._Z7rccInitv
                0x08004820      0x1a4 CMakeFiles/Embedded_Libs.elf.dir/Misc/F407/src/init.cpp.obj
                0x08004820                rccInit()
 .text._Z8tickInitP11TIM_TypeDeft
                0x080049c4      0x1f4 CMakeFiles/Embedded_Libs.elf.dir/Misc/F407/src/init.cpp.obj
                0x080049c4                tickInit(TIM_TypeDef*, unsigned short)
 .text._ZN8RegisterImEC2ERVm
                0x08004bb8       0x24 CMakeFiles/Embedded_Libs.elf.dir/Misc/F407/src/init.cpp.obj
                0x08004bb8                Register<unsigned long>::Register(unsigned long volatile&)
                0x08004bb8                Register<unsigned long>::Register(unsigned long volatile&)
 .text._ZN8RegisterImEoREh
                0x08004bdc       0x20 CMakeFiles/Embedded_Libs.elf.dir/Misc/F407/src/init.cpp.obj
                0x08004bdc                Register<unsigned long>::operator|=(unsigned char)
 .text._ZN8RegisterImE11getBitByPosEh
                0x08004bfc       0x40 CMakeFiles/Embedded_Libs.elf.dir/Misc/F407/src/init.cpp.obj
                0x08004bfc                Register<unsigned long>::getBitByPos(unsigned char)
 .text._ZN8RegisterImEaSE7MaskValImE
                0x08004c3c       0x24 CMakeFiles/Embedded_Libs.elf.dir/Misc/F407/src/init.cpp.obj
                0x08004c3c                Register<unsigned long>::operator=(MaskVal<unsigned long>)
 .text._ZN8RegisterImE8getValueEm
                0x08004c60       0x3a CMakeFiles/Embedded_Libs.elf.dir/Misc/F407/src/init.cpp.obj
                0x08004c60                Register<unsigned long>::getValue(unsigned long)
 .text._ZN8RegisterImEeOEh
                0x08004c9a       0x20 CMakeFiles/Embedded_Libs.elf.dir/Misc/F407/src/init.cpp.obj
                0x08004c9a                Register<unsigned long>::operator^=(unsigned char)
 .text._ZN8RegisterImE11setBitByPosEh
                0x08004cba       0x3c CMakeFiles/Embedded_Libs.elf.dir/Misc/F407/src/init.cpp.obj
                0x08004cba                Register<unsigned long>::setBitByPos(unsigned char)
 .text._ZN8RegisterImE8setValueEmm
                0x08004cf6       0x50 CMakeFiles/Embedded_Libs.elf.dir/Misc/F407/src/init.cpp.obj
                0x08004cf6                Register<unsigned long>::setValue(unsigned long, unsigned long)
 .text._ZN8RegisterImE13resetBitByPosEh
                0x08004d46       0x3e CMakeFiles/Embedded_Libs.elf.dir/Misc/F407/src/init.cpp.obj
                0x08004d46                Register<unsigned long>::resetBitByPos(unsigned char)
 .text._ZN12MemoryLoggerC2Et
                0x08004d84       0x52 CMakeFiles/Embedded_Libs.elf.dir/Misc/all/src/logger.cpp.obj
                0x08004d84                MemoryLogger::MemoryLogger(unsigned short)
                0x08004d84                MemoryLogger::MemoryLogger(unsigned short)
 .text._ZN12MemoryLoggerD2Ev
                0x08004dd6       0x24 CMakeFiles/Embedded_Libs.elf.dir/Misc/all/src/logger.cpp.obj
                0x08004dd6                MemoryLogger::~MemoryLogger()
                0x08004dd6                MemoryLogger::~MemoryLogger()
 .text._Z3maxItET_S0_S0_
                0x08004dfa       0x2a CMakeFiles/Embedded_Libs.elf.dir/Misc/all/src/logger.cpp.obj
                0x08004dfa                unsigned short max<unsigned short>(unsigned short, unsigned short)
 .text._Z5roundf
                0x08004e24       0x68 CMakeFiles/Embedded_Libs.elf.dir/Misc/all/src/math_fun.cpp.obj
                0x08004e24                round(float)
 .text._Z7ledTaskPv
                0x08004e8c       0x50 CMakeFiles/Embedded_Libs.elf.dir/Tasks/Src/led_task.cpp.obj
                0x08004e8c                ledTask(void*)
 .text._Z7pidTaskPv
                0x08004edc       0x58 CMakeFiles/Embedded_Libs.elf.dir/Tasks/Src/pidTask.cpp.obj
                0x08004edc                pidTask(void*)
 .text._Z8testTaskPv
                0x08004f34       0xd0 CMakeFiles/Embedded_Libs.elf.dir/Tasks/Src/test_task.cpp.obj
                0x08004f34                testTask(void*)
 .text._Z41__static_initialization_and_destruction_0v
                0x08005004       0x28 CMakeFiles/Embedded_Libs.elf.dir/Tasks/Src/test_task.cpp.obj
 .text._GLOBAL__sub_I_logger
                0x0800502c        0xa CMakeFiles/Embedded_Libs.elf.dir/Tasks/Src/test_task.cpp.obj
 *fill*         0x08005036        0x2 
 .text._ZN11CommonTimerC2Em
                0x08005038       0x28 CMakeFiles/Embedded_Libs.elf.dir/Timer/all/src/common_timer.cpp.obj
                0x08005038                CommonTimer::CommonTimer(unsigned long)
                0x08005038                CommonTimer::CommonTimer(unsigned long)
 .text._ZN11CommonTimer6updateEv
                0x08005060       0x46 CMakeFiles/Embedded_Libs.elf.dir/Timer/all/src/common_timer.cpp.obj
                0x08005060                CommonTimer::update()
 .text._ZN11CommonTimer5startEv
                0x080050a6       0x1a CMakeFiles/Embedded_Libs.elf.dir/Timer/all/src/common_timer.cpp.obj
                0x080050a6                CommonTimer::start()
 .text._ZN11CommonTimer5pauseEv
                0x080050c0       0x1a CMakeFiles/Embedded_Libs.elf.dir/Timer/all/src/common_timer.cpp.obj
                0x080050c0                CommonTimer::pause()
 .text._ZN11CommonTimer4stopEv
                0x080050da       0x1c CMakeFiles/Embedded_Libs.elf.dir/Timer/all/src/common_timer.cpp.obj
                0x080050da                CommonTimer::stop()
 .text._ZN11CommonTimer5resetEv
                0x080050f6       0x20 CMakeFiles/Embedded_Libs.elf.dir/Timer/all/src/common_timer.cpp.obj
                0x080050f6                CommonTimer::reset()
 .text._ZN11CommonTimer15prepareAndStartEv
                0x08005116       0x1c CMakeFiles/Embedded_Libs.elf.dir/Timer/all/src/common_timer.cpp.obj
                0x08005116                CommonTimer::prepareAndStart()
 .text._ZN11CommonTimer8setStartEb
                0x08005132       0x28 CMakeFiles/Embedded_Libs.elf.dir/Timer/all/src/common_timer.cpp.obj
                0x08005132                CommonTimer::setStart(bool)
 .text._ZN11CommonTimer7startedEv
                0x0800515a       0x18 CMakeFiles/Embedded_Libs.elf.dir/Timer/all/src/common_timer.cpp.obj
                0x0800515a                CommonTimer::started()
 .text._ZN11CommonTimer8finishedEv
                0x08005172       0x26 CMakeFiles/Embedded_Libs.elf.dir/Timer/all/src/common_timer.cpp.obj
                0x08005172                CommonTimer::finished()
 .text._ZN11CommonTimer11notFinishedEv
                0x08005198       0x26 CMakeFiles/Embedded_Libs.elf.dir/Timer/all/src/common_timer.cpp.obj
                0x08005198                CommonTimer::notFinished()
 .text._ZN11CommonTimer6inWorkEv
                0x080051be       0x32 CMakeFiles/Embedded_Libs.elf.dir/Timer/all/src/common_timer.cpp.obj
                0x080051be                CommonTimer::inWork()
 .text._ZN14OffDelayCommonC2Em
                0x080051f0       0x28 CMakeFiles/Embedded_Libs.elf.dir/Timer/all/src/off_delay.cpp.obj
                0x080051f0                OffDelayCommon::OffDelayCommon(unsigned long)
                0x080051f0                OffDelayCommon::OffDelayCommon(unsigned long)
 .text._ZN14OffDelayCommon6updateEv
                0x08005218       0x2e CMakeFiles/Embedded_Libs.elf.dir/Timer/all/src/off_delay.cpp.obj
                0x08005218                OffDelayCommon::update()
 .text._ZN14OffDelayCommon3setEb
                0x08005246       0x40 CMakeFiles/Embedded_Libs.elf.dir/Timer/all/src/off_delay.cpp.obj
                0x08005246                OffDelayCommon::set(bool)
 .text._ZN14OffDelayCommon3getEv
                0x08005286       0x2c CMakeFiles/Embedded_Libs.elf.dir/Timer/all/src/off_delay.cpp.obj
                0x08005286                OffDelayCommon::get()
 *fill*         0x080052b2        0x2 
 .text._ZN13OnDelayCommonC2Em
                0x080052b4       0x28 CMakeFiles/Embedded_Libs.elf.dir/Timer/all/src/on_delay.cpp.obj
                0x080052b4                OnDelayCommon::OnDelayCommon(unsigned long)
                0x080052b4                OnDelayCommon::OnDelayCommon(unsigned long)
 .text._ZN13OnDelayCommon6updateEv
                0x080052dc       0x18 CMakeFiles/Embedded_Libs.elf.dir/Timer/all/src/on_delay.cpp.obj
                0x080052dc                OnDelayCommon::update()
 .text._ZN13OnDelayCommon3setEb
                0x080052f4       0x20 CMakeFiles/Embedded_Libs.elf.dir/Timer/all/src/on_delay.cpp.obj
                0x080052f4                OnDelayCommon::set(bool)
 .text._ZN13OnDelayCommon3getEv
                0x08005314       0x1a CMakeFiles/Embedded_Libs.elf.dir/Timer/all/src/on_delay.cpp.obj
                0x08005314                OnDelayCommon::get()
 .text._ZN13OnDelayCommon5resetEv
                0x0800532e       0x18 CMakeFiles/Embedded_Libs.elf.dir/Timer/all/src/on_delay.cpp.obj
                0x0800532e                OnDelayCommon::reset()
 *fill*         0x08005346        0x2 
 .text._ZN7OnDelayC2Em
                0x08005348       0x3c CMakeFiles/Embedded_Libs.elf.dir/Timer/all/src/on_delay.cpp.obj
                0x08005348                OnDelay::OnDelay(unsigned long)
                0x08005348                OnDelay::OnDelay(unsigned long)
 .text._ZN7OnDelay9update1msEv
                0x08005384       0x18 CMakeFiles/Embedded_Libs.elf.dir/Timer/all/src/on_delay.cpp.obj
                0x08005384                OnDelay::update1ms()
 .text._ZThn16_N7OnDelay9update1msEv
                0x0800539c        0x8 CMakeFiles/Embedded_Libs.elf.dir/Timer/all/src/on_delay.cpp.obj
                0x0800539c                non-virtual thunk to OnDelay::update1ms()
 .text._ZN7OnDelayaSEb
                0x080053a4       0x22 CMakeFiles/Embedded_Libs.elf.dir/Timer/all/src/on_delay.cpp.obj
                0x080053a4                OnDelay::operator=(bool)
 *fill*         0x080053c6        0x2 
 .text.__aeabi_atexit
                0x080053c8        0xc D:/Distrib/GCC/arm-gnu-toolchain-13.2.Rel1-mingw-w64-i686-arm-none-eabi/bin/../lib/gcc/arm-none-eabi/13.2.1/thumb/v7e-m+fp/hard\libstdc++.a(atexit_arm.o)
                0x080053c8                __aeabi_atexit
 .text._ZNK10__cxxabiv117__class_type_info11__do_upcastEPKS0_PPv
                0x080053d4       0x34 D:/Distrib/GCC/arm-gnu-toolchain-13.2.Rel1-mingw-w64-i686-arm-none-eabi/bin/../lib/gcc/arm-none-eabi/13.2.1/thumb/v7e-m+fp/hard\libstdc++.a(class_type_info.o)
                0x080053d4                __cxxabiv1::__class_type_info::__do_upcast(__cxxabiv1::__class_type_info const*, void**) const
 .text._ZNK10__cxxabiv117__class_type_info20__do_find_public_srcEiPKvPKS0_S2_
                0x08005408        0xc D:/Distrib/GCC/arm-gnu-toolchain-13.2.Rel1-mingw-w64-i686-arm-none-eabi/bin/../lib/gcc/arm-none-eabi/13.2.1/thumb/v7e-m+fp/hard\libstdc++.a(class_type_info.o)
                0x08005408                __cxxabiv1::__class_type_info::__do_find_public_src(int, void const*, __cxxabiv1::__class_type_info const*, void const*) const
 .text._ZN10__cxxabiv117__class_type_infoD2Ev
                0x08005414       0x14 D:/Distrib/GCC/arm-gnu-toolchain-13.2.Rel1-mingw-w64-i686-arm-none-eabi/bin/../lib/gcc/arm-none-eabi/13.2.1/thumb/v7e-m+fp/hard\libstdc++.a(class_type_info.o)
                0x08005414                __cxxabiv1::__class_type_info::~__class_type_info()
                0x08005414                __cxxabiv1::__class_type_info::~__class_type_info()
 .text._ZN10__cxxabiv117__class_type_infoD0Ev
                0x08005428       0x1c D:/Distrib/GCC/arm-gnu-toolchain-13.2.Rel1-mingw-w64-i686-arm-none-eabi/bin/../lib/gcc/arm-none-eabi/13.2.1/thumb/v7e-m+fp/hard\libstdc++.a(class_type_info.o)
                0x08005428                __cxxabiv1::__class_type_info::~__class_type_info()
 .text._ZNK10__cxxabiv117__class_type_info12__do_dyncastEiNS0_10__sub_kindEPKS0_PKvS3_S5_RNS0_16__dyncast_resultE
                0x08005444       0x44 D:/Distrib/GCC/arm-gnu-toolchain-13.2.Rel1-mingw-w64-i686-arm-none-eabi/bin/../lib/gcc/arm-none-eabi/13.2.1/thumb/v7e-m+fp/hard\libstdc++.a(class_type_info.o)
                0x08005444                __cxxabiv1::__class_type_info::__do_dyncast(int, __cxxabiv1::__class_type_info::__sub_kind, __cxxabiv1::__class_type_info const*, void const*, __cxxabiv1::__class_type_info const*, void const*, __cxxabiv1::__class_type_info::__dyncast_result&) const
 .text._ZNK10__cxxabiv117__class_type_info11__do_upcastEPKS0_PKvRNS0_15__upcast_resultE
                0x08005488       0x1c D:/Distrib/GCC/arm-gnu-toolchain-13.2.Rel1-mingw-w64-i686-arm-none-eabi/bin/../lib/gcc/arm-none-eabi/13.2.1/thumb/v7e-m+fp/hard\libstdc++.a(class_type_info.o)
                0x08005488                __cxxabiv1::__class_type_info::__do_upcast(__cxxabiv1::__class_type_info const*, void const*, __cxxabiv1::__class_type_info::__upcast_result&) const
 .text._ZNK10__cxxabiv117__class_type_info10__do_catchEPKSt9type_infoPPvj
                0x080054a4       0x2c D:/Distrib/GCC/arm-gnu-toolchain-13.2.Rel1-mingw-w64-i686-arm-none-eabi/bin/../lib/gcc/arm-none-eabi/13.2.1/thumb/v7e-m+fp/hard\libstdc++.a(class_type_info.o)
                0x080054a4                __cxxabiv1::__class_type_info::__do_catch(std::type_info const*, void**, unsigned int) const
 .text._ZdlPvj  0x080054d0        0x4 D:/Distrib/GCC/arm-gnu-toolchain-13.2.Rel1-mingw-w64-i686-arm-none-eabi/bin/../lib/gcc/arm-none-eabi/13.2.1/thumb/v7e-m+fp/hard\libstdc++.a(del_ops.o)
                0x080054d0                operator delete(void*, unsigned int)
 .text._ZdaPv   0x080054d4        0x4 D:/Distrib/GCC/arm-gnu-toolchain-13.2.Rel1-mingw-w64-i686-arm-none-eabi/bin/../lib/gcc/arm-none-eabi/13.2.1/thumb/v7e-m+fp/hard\libstdc++.a(del_opv.o)
                0x080054d4                operator delete[](void*)
 .text.__cxa_end_cleanup
                0x080054d8        0xc D:/Distrib/GCC/arm-gnu-toolchain-13.2.Rel1-mingw-w64-i686-arm-none-eabi/bin/../lib/gcc/arm-none-eabi/13.2.1/thumb/v7e-m+fp/hard\libstdc++.a(eh_arm.o)
                0x080054d8                __cxa_end_cleanup
 .text.__cxa_type_match
                0x080054e4       0xb0 D:/Distrib/GCC/arm-gnu-toolchain-13.2.Rel1-mingw-w64-i686-arm-none-eabi/bin/../lib/gcc/arm-none-eabi/13.2.1/thumb/v7e-m+fp/hard\libstdc++.a(eh_arm.o)
                0x080054e4                __cxa_type_match
 .text.__cxa_begin_cleanup
                0x08005594       0x64 D:/Distrib/GCC/arm-gnu-toolchain-13.2.Rel1-mingw-w64-i686-arm-none-eabi/bin/../lib/gcc/arm-none-eabi/13.2.1/thumb/v7e-m+fp/hard\libstdc++.a(eh_arm.o)
                0x08005594                __cxa_begin_cleanup
 .text.__gnu_end_cleanup
                0x080055f8       0x70 D:/Distrib/GCC/arm-gnu-toolchain-13.2.Rel1-mingw-w64-i686-arm-none-eabi/bin/../lib/gcc/arm-none-eabi/13.2.1/thumb/v7e-m+fp/hard\libstdc++.a(eh_arm.o)
                0x080055f8                __gnu_end_cleanup
 .text.unlikely.__cxa_throw_bad_array_new_length
                0x08005668       0x20 D:/Distrib/GCC/arm-gnu-toolchain-13.2.Rel1-mingw-w64-i686-arm-none-eabi/bin/../lib/gcc/arm-none-eabi/13.2.1/thumb/v7e-m+fp/hard\libstdc++.a(eh_aux_runtime.o)
                0x08005668                __cxa_throw_bad_array_new_length
 .text._ZNSt9exceptionD2Ev
                0x08005688        0x4 D:/Distrib/GCC/arm-gnu-toolchain-13.2.Rel1-mingw-w64-i686-arm-none-eabi/bin/../lib/gcc/arm-none-eabi/13.2.1/thumb/v7e-m+fp/hard\libstdc++.a(eh_exception.o)
                0x08005688                std::exception::~exception()
                0x08005688                std::exception::~exception()
 .text._ZNSt13bad_exceptionD2Ev
                0x0800568c        0x4 D:/Distrib/GCC/arm-gnu-toolchain-13.2.Rel1-mingw-w64-i686-arm-none-eabi/bin/../lib/gcc/arm-none-eabi/13.2.1/thumb/v7e-m+fp/hard\libstdc++.a(eh_exception.o)
                0x0800568c                std::bad_exception::~bad_exception()
                0x0800568c                std::bad_exception::~bad_exception()
 .text._ZNKSt13bad_exception4whatEv
                0x08005690        0x8 D:/Distrib/GCC/arm-gnu-toolchain-13.2.Rel1-mingw-w64-i686-arm-none-eabi/bin/../lib/gcc/arm-none-eabi/13.2.1/thumb/v7e-m+fp/hard\libstdc++.a(eh_exception.o)
                0x08005690                std::bad_exception::what() const
                0x08005690                transaction clone for std::bad_exception::what() const
 .text._ZNSt13bad_exceptionD0Ev
                0x08005698       0x10 D:/Distrib/GCC/arm-gnu-toolchain-13.2.Rel1-mingw-w64-i686-arm-none-eabi/bin/../lib/gcc/arm-none-eabi/13.2.1/thumb/v7e-m+fp/hard\libstdc++.a(eh_exception.o)
                0x08005698                std::bad_exception::~bad_exception()
 .text.__cxa_get_globals_fast
                0x080056a8        0x8 D:/Distrib/GCC/arm-gnu-toolchain-13.2.Rel1-mingw-w64-i686-arm-none-eabi/bin/../lib/gcc/arm-none-eabi/13.2.1/thumb/v7e-m+fp/hard\libstdc++.a(eh_globals.o)
                0x080056a8                __cxa_get_globals_fast
 .text.__cxa_get_globals
                0x080056b0        0x8 D:/Distrib/GCC/arm-gnu-toolchain-13.2.Rel1-mingw-w64-i686-arm-none-eabi/bin/../lib/gcc/arm-none-eabi/13.2.1/thumb/v7e-m+fp/hard\libstdc++.a(eh_globals.o)
                0x080056b0                __cxa_get_globals
 .text._ZL28read_encoded_value_with_basehjPKhPj
                0x080056b8       0xc0 D:/Distrib/GCC/arm-gnu-toolchain-13.2.Rel1-mingw-w64-i686-arm-none-eabi/bin/../lib/gcc/arm-none-eabi/13.2.1/thumb/v7e-m+fp/hard\libstdc++.a(eh_personality.o)
 .text._ZL21base_of_encoded_valuehP15_Unwind_Context
                0x08005778       0x44 D:/Distrib/GCC/arm-gnu-toolchain-13.2.Rel1-mingw-w64-i686-arm-none-eabi/bin/../lib/gcc/arm-none-eabi/13.2.1/thumb/v7e-m+fp/hard\libstdc++.a(eh_personality.o)
 .text._ZL17parse_lsda_headerP15_Unwind_ContextPKhP16lsda_header_info
                0x080057bc       0x90 D:/Distrib/GCC/arm-gnu-toolchain-13.2.Rel1-mingw-w64-i686-arm-none-eabi/bin/../lib/gcc/arm-none-eabi/13.2.1/thumb/v7e-m+fp/hard\libstdc++.a(eh_personality.o)
 .text.__gxx_personality_v0
                0x0800584c      0x440 D:/Distrib/GCC/arm-gnu-toolchain-13.2.Rel1-mingw-w64-i686-arm-none-eabi/bin/../lib/gcc/arm-none-eabi/13.2.1/thumb/v7e-m+fp/hard\libstdc++.a(eh_personality.o)
                0x0800584c                __gxx_personality_v0
 .text._ZN10__cxxabiv111__terminateEPFvvE
                0x08005c8c       0x10 D:/Distrib/GCC/arm-gnu-toolchain-13.2.Rel1-mingw-w64-i686-arm-none-eabi/bin/../lib/gcc/arm-none-eabi/13.2.1/thumb/v7e-m+fp/hard\libstdc++.a(eh_terminate.o)
                0x08005c8c                __cxxabiv1::__terminate(void (*)())
 .text._ZSt9terminatev
                0x08005c9c       0x14 D:/Distrib/GCC/arm-gnu-toolchain-13.2.Rel1-mingw-w64-i686-arm-none-eabi/bin/../lib/gcc/arm-none-eabi/13.2.1/thumb/v7e-m+fp/hard\libstdc++.a(eh_terminate.o)
                0x08005c9c                std::terminate()
 .text._ZN10__cxxabiv112__unexpectedEPFvvE
                0x08005cb0        0x8 D:/Distrib/GCC/arm-gnu-toolchain-13.2.Rel1-mingw-w64-i686-arm-none-eabi/bin/../lib/gcc/arm-none-eabi/13.2.1/thumb/v7e-m+fp/hard\libstdc++.a(eh_terminate.o)
                0x08005cb0                __cxxabiv1::__unexpected(void (*)())
 .text._ZSt10unexpectedv
                0x08005cb8       0x14 D:/Distrib/GCC/arm-gnu-toolchain-13.2.Rel1-mingw-w64-i686-arm-none-eabi/bin/../lib/gcc/arm-none-eabi/13.2.1/thumb/v7e-m+fp/hard\libstdc++.a(eh_terminate.o)
                0x08005cb8                std::unexpected()
 .text._ZSt13get_terminatev
                0x08005ccc       0x10 D:/Distrib/GCC/arm-gnu-toolchain-13.2.Rel1-mingw-w64-i686-arm-none-eabi/bin/../lib/gcc/arm-none-eabi/13.2.1/thumb/v7e-m+fp/hard\libstdc++.a(eh_terminate.o)
                0x08005ccc                std::get_terminate()
 .text._ZSt14get_unexpectedv
                0x08005cdc       0x10 D:/Distrib/GCC/arm-gnu-toolchain-13.2.Rel1-mingw-w64-i686-arm-none-eabi/bin/../lib/gcc/arm-none-eabi/13.2.1/thumb/v7e-m+fp/hard\libstdc++.a(eh_terminate.o)
                0x08005cdc                std::get_unexpected()
 .text._ZL23__gxx_exception_cleanup19_Unwind_Reason_CodeP21_Unwind_Control_Block
                0x08005cec       0x44 D:/Distrib/GCC/arm-gnu-toolchain-13.2.Rel1-mingw-w64-i686-arm-none-eabi/bin/../lib/gcc/arm-none-eabi/13.2.1/thumb/v7e-m+fp/hard\libstdc++.a(eh_throw.o)
 .text.__cxa_init_primary_exception
                0x08005d30       0x44 D:/Distrib/GCC/arm-gnu-toolchain-13.2.Rel1-mingw-w64-i686-arm-none-eabi/bin/../lib/gcc/arm-none-eabi/13.2.1/thumb/v7e-m+fp/hard\libstdc++.a(eh_throw.o)
                0x08005d30                __cxa_init_primary_exception
 .text.__cxa_throw
                0x08005d74       0x34 D:/Distrib/GCC/arm-gnu-toolchain-13.2.Rel1-mingw-w64-i686-arm-none-eabi/bin/../lib/gcc/arm-none-eabi/13.2.1/thumb/v7e-m+fp/hard\libstdc++.a(eh_throw.o)
                0x08005d74                __cxa_throw
 .text.__cxa_rethrow
                0x08005da8       0x70 D:/Distrib/GCC/arm-gnu-toolchain-13.2.Rel1-mingw-w64-i686-arm-none-eabi/bin/../lib/gcc/arm-none-eabi/13.2.1/thumb/v7e-m+fp/hard\libstdc++.a(eh_throw.o)
                0x08005da8                __cxa_rethrow
 .text._Znwj    0x08005e18       0x3c D:/Distrib/GCC/arm-gnu-toolchain-13.2.Rel1-mingw-w64-i686-arm-none-eabi/bin/../lib/gcc/arm-none-eabi/13.2.1/thumb/v7e-m+fp/hard\libstdc++.a(new_op.o)
                0x08005e18                operator new(unsigned int)
 .text._Znaj    0x08005e54        0x4 D:/Distrib/GCC/arm-gnu-toolchain-13.2.Rel1-mingw-w64-i686-arm-none-eabi/bin/../lib/gcc/arm-none-eabi/13.2.1/thumb/v7e-m+fp/hard\libstdc++.a(new_opv.o)
                0x08005e54                operator new[](unsigned int)
 .text._ZN10__cxxabiv120__si_class_type_infoD2Ev
                0x08005e58       0x14 D:/Distrib/GCC/arm-gnu-toolchain-13.2.Rel1-mingw-w64-i686-arm-none-eabi/bin/../lib/gcc/arm-none-eabi/13.2.1/thumb/v7e-m+fp/hard\libstdc++.a(si_class_type_info.o)
                0x08005e58                __cxxabiv1::__si_class_type_info::~__si_class_type_info()
                0x08005e58                __cxxabiv1::__si_class_type_info::~__si_class_type_info()
 .text._ZN10__cxxabiv120__si_class_type_infoD0Ev
                0x08005e6c       0x1c D:/Distrib/GCC/arm-gnu-toolchain-13.2.Rel1-mingw-w64-i686-arm-none-eabi/bin/../lib/gcc/arm-none-eabi/13.2.1/thumb/v7e-m+fp/hard\libstdc++.a(si_class_type_info.o)
                0x08005e6c                __cxxabiv1::__si_class_type_info::~__si_class_type_info()
 .text._ZNK10__cxxabiv120__si_class_type_info20__do_find_public_srcEiPKvPKNS_17__class_type_infoES2_
                0x08005e88       0x3c D:/Distrib/GCC/arm-gnu-toolchain-13.2.Rel1-mingw-w64-i686-arm-none-eabi/bin/../lib/gcc/arm-none-eabi/13.2.1/thumb/v7e-m+fp/hard\libstdc++.a(si_class_type_info.o)
                0x08005e88                __cxxabiv1::__si_class_type_info::__do_find_public_src(int, void const*, __cxxabiv1::__class_type_info const*, void const*) const
 .text._ZNK10__cxxabiv120__si_class_type_info12__do_dyncastEiNS_17__class_type_info10__sub_kindEPKS1_PKvS4_S6_RNS1_16__dyncast_resultE
                0x08005ec4       0x84 D:/Distrib/GCC/arm-gnu-toolchain-13.2.Rel1-mingw-w64-i686-arm-none-eabi/bin/../lib/gcc/arm-none-eabi/13.2.1/thumb/v7e-m+fp/hard\libstdc++.a(si_class_type_info.o)
                0x08005ec4                __cxxabiv1::__si_class_type_info::__do_dyncast(int, __cxxabiv1::__class_type_info::__sub_kind, __cxxabiv1::__class_type_info const*, void const*, __cxxabiv1::__class_type_info const*, void const*, __cxxabiv1::__class_type_info::__dyncast_result&) const
 .text._ZNK10__cxxabiv120__si_class_type_info11__do_upcastEPKNS_17__class_type_infoEPKvRNS1_15__upcast_resultE
                0x08005f48       0x2c D:/Distrib/GCC/arm-gnu-toolchain-13.2.Rel1-mingw-w64-i686-arm-none-eabi/bin/../lib/gcc/arm-none-eabi/13.2.1/thumb/v7e-m+fp/hard\libstdc++.a(si_class_type_info.o)
                0x08005f48                __cxxabiv1::__si_class_type_info::__do_upcast(__cxxabiv1::__class_type_info const*, void const*, __cxxabiv1::__class_type_info::__upcast_result&) const
 .text._ZNSt9type_infoD2Ev
                0x08005f74        0x4 D:/Distrib/GCC/arm-gnu-toolchain-13.2.Rel1-mingw-w64-i686-arm-none-eabi/bin/../lib/gcc/arm-none-eabi/13.2.1/thumb/v7e-m+fp/hard\libstdc++.a(tinfo.o)
                0x08005f74                std::type_info::~type_info()
                0x08005f74                std::type_info::~type_info()
 .text._ZNKSt9type_info14__is_pointer_pEv
                0x08005f78        0x4 D:/Distrib/GCC/arm-gnu-toolchain-13.2.Rel1-mingw-w64-i686-arm-none-eabi/bin/../lib/gcc/arm-none-eabi/13.2.1/thumb/v7e-m+fp/hard\libstdc++.a(tinfo.o)
                0x08005f78                std::type_info::__is_pointer_p() const
                0x08005f78                std::type_info::__is_function_p() const
 .text._ZNKSt9type_infoeqERKS_
                0x08005f7c       0x2c D:/Distrib/GCC/arm-gnu-toolchain-13.2.Rel1-mingw-w64-i686-arm-none-eabi/bin/../lib/gcc/arm-none-eabi/13.2.1/thumb/v7e-m+fp/hard\libstdc++.a(tinfo.o)
                0x08005f7c                std::type_info::operator==(std::type_info const&) const
                0x08005f7c                std::type_info::__equal(std::type_info const&) const
 .text._ZN10__cxxabiv121__vmi_class_type_infoD2Ev
                0x08005fa8       0x14 D:/Distrib/GCC/arm-gnu-toolchain-13.2.Rel1-mingw-w64-i686-arm-none-eabi/bin/../lib/gcc/arm-none-eabi/13.2.1/thumb/v7e-m+fp/hard\libstdc++.a(vmi_class_type_info.o)
                0x08005fa8                __cxxabiv1::__vmi_class_type_info::~__vmi_class_type_info()
                0x08005fa8                __cxxabiv1::__vmi_class_type_info::~__vmi_class_type_info()
 .text._ZN10__cxxabiv121__vmi_class_type_infoD0Ev
                0x08005fbc       0x1c D:/Distrib/GCC/arm-gnu-toolchain-13.2.Rel1-mingw-w64-i686-arm-none-eabi/bin/../lib/gcc/arm-none-eabi/13.2.1/thumb/v7e-m+fp/hard\libstdc++.a(vmi_class_type_info.o)
                0x08005fbc                __cxxabiv1::__vmi_class_type_info::~__vmi_class_type_info()
 .text._ZNK10__cxxabiv121__vmi_class_type_info20__do_find_public_srcEiPKvPKNS_17__class_type_infoES2_
                0x08005fd8       0x80 D:/Distrib/GCC/arm-gnu-toolchain-13.2.Rel1-mingw-w64-i686-arm-none-eabi/bin/../lib/gcc/arm-none-eabi/13.2.1/thumb/v7e-m+fp/hard\libstdc++.a(vmi_class_type_info.o)
                0x08005fd8                __cxxabiv1::__vmi_class_type_info::__do_find_public_src(int, void const*, __cxxabiv1::__class_type_info const*, void const*) const
 .text._ZNK10__cxxabiv121__vmi_class_type_info12__do_dyncastEiNS_17__class_type_info10__sub_kindEPKS1_PKvS4_S6_RNS1_16__dyncast_resultE
                0x08006058      0x3c0 D:/Distrib/GCC/arm-gnu-toolchain-13.2.Rel1-mingw-w64-i686-arm-none-eabi/bin/../lib/gcc/arm-none-eabi/13.2.1/thumb/v7e-m+fp/hard\libstdc++.a(vmi_class_type_info.o)
                0x08006058                __cxxabiv1::__vmi_class_type_info::__do_dyncast(int, __cxxabiv1::__class_type_info::__sub_kind, __cxxabiv1::__class_type_info const*, void const*, __cxxabiv1::__class_type_info const*, void const*, __cxxabiv1::__class_type_info::__dyncast_result&) const
 .text._ZNK10__cxxabiv121__vmi_class_type_info11__do_upcastEPKNS_17__class_type_infoEPKvRNS1_15__upcast_resultE
                0x08006418      0x140 D:/Distrib/GCC/arm-gnu-toolchain-13.2.Rel1-mingw-w64-i686-arm-none-eabi/bin/../lib/gcc/arm-none-eabi/13.2.1/thumb/v7e-m+fp/hard\libstdc++.a(vmi_class_type_info.o)
                0x08006418                __cxxabiv1::__vmi_class_type_info::__do_upcast(__cxxabiv1::__class_type_info const*, void const*, __cxxabiv1::__class_type_info::__upcast_result&) const
 .text._ZN9__gnu_cxx27__verbose_terminate_handlerEv
                0x08006558      0x10c D:/Distrib/GCC/arm-gnu-toolchain-13.2.Rel1-mingw-w64-i686-arm-none-eabi/bin/../lib/gcc/arm-none-eabi/13.2.1/thumb/v7e-m+fp/hard\libstdc++.a(vterminate.o)
                0x08006558                __gnu_cxx::__verbose_terminate_handler()
 .text._ZNKSt9bad_alloc4whatEv
                0x08006664        0x8 D:/Distrib/GCC/arm-gnu-toolchain-13.2.Rel1-mingw-w64-i686-arm-none-eabi/bin/../lib/gcc/arm-none-eabi/13.2.1/thumb/v7e-m+fp/hard\libstdc++.a(bad_alloc.o)
                0x08006664                std::bad_alloc::what() const
 .text._ZNSt9bad_allocD2Ev
                0x0800666c       0x14 D:/Distrib/GCC/arm-gnu-toolchain-13.2.Rel1-mingw-w64-i686-arm-none-eabi/bin/../lib/gcc/arm-none-eabi/13.2.1/thumb/v7e-m+fp/hard\libstdc++.a(bad_alloc.o)
                0x0800666c                std::bad_alloc::~bad_alloc()
                0x0800666c                std::bad_alloc::~bad_alloc()
 .text._ZNSt9bad_allocD0Ev
                0x08006680       0x1c D:/Distrib/GCC/arm-gnu-toolchain-13.2.Rel1-mingw-w64-i686-arm-none-eabi/bin/../lib/gcc/arm-none-eabi/13.2.1/thumb/v7e-m+fp/hard\libstdc++.a(bad_alloc.o)
                0x08006680                std::bad_alloc::~bad_alloc()
 .text._ZNKSt20bad_array_new_length4whatEv
                0x0800669c        0x8 D:/Distrib/GCC/arm-gnu-toolchain-13.2.Rel1-mingw-w64-i686-arm-none-eabi/bin/../lib/gcc/arm-none-eabi/13.2.1/thumb/v7e-m+fp/hard\libstdc++.a(bad_array_new.o)
                0x0800669c                std::bad_array_new_length::what() const
 .text._ZNSt20bad_array_new_lengthD2Ev
                0x080066a4       0x14 D:/Distrib/GCC/arm-gnu-toolchain-13.2.Rel1-mingw-w64-i686-arm-none-eabi/bin/../lib/gcc/arm-none-eabi/13.2.1/thumb/v7e-m+fp/hard\libstdc++.a(bad_array_new.o)
                0x080066a4                std::bad_array_new_length::~bad_array_new_length()
                0x080066a4                std::bad_array_new_length::~bad_array_new_length()
 .text._ZNSt20bad_array_new_lengthD0Ev
                0x080066b8       0x1c D:/Distrib/GCC/arm-gnu-toolchain-13.2.Rel1-mingw-w64-i686-arm-none-eabi/bin/../lib/gcc/arm-none-eabi/13.2.1/thumb/v7e-m+fp/hard\libstdc++.a(bad_array_new.o)
                0x080066b8                std::bad_array_new_length::~bad_array_new_length()
 .text.d_make_comp
                0x080066d4       0xf8 D:/Distrib/GCC/arm-gnu-toolchain-13.2.Rel1-mingw-w64-i686-arm-none-eabi/bin/../lib/gcc/arm-none-eabi/13.2.1/thumb/v7e-m+fp/hard\libstdc++.a(cp-demangle.o)
 .text.d_number
                0x080067cc       0x74 D:/Distrib/GCC/arm-gnu-toolchain-13.2.Rel1-mingw-w64-i686-arm-none-eabi/bin/../lib/gcc/arm-none-eabi/13.2.1/thumb/v7e-m+fp/hard\libstdc++.a(cp-demangle.o)
 .text.d_call_offset
                0x08006840       0x48 D:/Distrib/GCC/arm-gnu-toolchain-13.2.Rel1-mingw-w64-i686-arm-none-eabi/bin/../lib/gcc/arm-none-eabi/13.2.1/thumb/v7e-m+fp/hard\libstdc++.a(cp-demangle.o)
 .text.d_discriminator
                0x08006888       0x4c D:/Distrib/GCC/arm-gnu-toolchain-13.2.Rel1-mingw-w64-i686-arm-none-eabi/bin/../lib/gcc/arm-none-eabi/13.2.1/thumb/v7e-m+fp/hard\libstdc++.a(cp-demangle.o)
 .text.d_count_templates_scopes
                0x080068d4      0x130 D:/Distrib/GCC/arm-gnu-toolchain-13.2.Rel1-mingw-w64-i686-arm-none-eabi/bin/../lib/gcc/arm-none-eabi/13.2.1/thumb/v7e-m+fp/hard\libstdc++.a(cp-demangle.o)
 .text.d_index_template_argument.part.0
                0x08006a04       0x1c D:/Distrib/GCC/arm-gnu-toolchain-13.2.Rel1-mingw-w64-i686-arm-none-eabi/bin/../lib/gcc/arm-none-eabi/13.2.1/thumb/v7e-m+fp/hard\libstdc++.a(cp-demangle.o)
 .text.d_growable_string_callback_adapter
                0x08006a20       0x90 D:/Distrib/GCC/arm-gnu-toolchain-13.2.Rel1-mingw-w64-i686-arm-none-eabi/bin/../lib/gcc/arm-none-eabi/13.2.1/thumb/v7e-m+fp/hard\libstdc++.a(cp-demangle.o)
 .text.next_is_type_qual.isra.0
                0x08006ab0       0x40 D:/Distrib/GCC/arm-gnu-toolchain-13.2.Rel1-mingw-w64-i686-arm-none-eabi/bin/../lib/gcc/arm-none-eabi/13.2.1/thumb/v7e-m+fp/hard\libstdc++.a(cp-demangle.o)
 .text.d_append_char
                0x08006af0       0x44 D:/Distrib/GCC/arm-gnu-toolchain-13.2.Rel1-mingw-w64-i686-arm-none-eabi/bin/../lib/gcc/arm-none-eabi/13.2.1/thumb/v7e-m+fp/hard\libstdc++.a(cp-demangle.o)
 .text.d_lookup_template_argument
                0x08006b34       0x34 D:/Distrib/GCC/arm-gnu-toolchain-13.2.Rel1-mingw-w64-i686-arm-none-eabi/bin/../lib/gcc/arm-none-eabi/13.2.1/thumb/v7e-m+fp/hard\libstdc++.a(cp-demangle.o)
 .text.d_find_pack
                0x08006b68       0x90 D:/Distrib/GCC/arm-gnu-toolchain-13.2.Rel1-mingw-w64-i686-arm-none-eabi/bin/../lib/gcc/arm-none-eabi/13.2.1/thumb/v7e-m+fp/hard\libstdc++.a(cp-demangle.o)
 .text.d_append_string
                0x08006bf8       0x68 D:/Distrib/GCC/arm-gnu-toolchain-13.2.Rel1-mingw-w64-i686-arm-none-eabi/bin/../lib/gcc/arm-none-eabi/13.2.1/thumb/v7e-m+fp/hard\libstdc++.a(cp-demangle.o)
 .text.d_template_param
                0x08006c60       0x5c D:/Distrib/GCC/arm-gnu-toolchain-13.2.Rel1-mingw-w64-i686-arm-none-eabi/bin/../lib/gcc/arm-none-eabi/13.2.1/thumb/v7e-m+fp/hard\libstdc++.a(cp-demangle.o)
 .text.d_append_num
                0x08006cbc       0x78 D:/Distrib/GCC/arm-gnu-toolchain-13.2.Rel1-mingw-w64-i686-arm-none-eabi/bin/../lib/gcc/arm-none-eabi/13.2.1/thumb/v7e-m+fp/hard\libstdc++.a(cp-demangle.o)
 .text.d_source_name
                0x08006d34       0xdc D:/Distrib/GCC/arm-gnu-toolchain-13.2.Rel1-mingw-w64-i686-arm-none-eabi/bin/../lib/gcc/arm-none-eabi/13.2.1/thumb/v7e-m+fp/hard\libstdc++.a(cp-demangle.o)
 .text.d_substitution
                0x08006e10      0x184 D:/Distrib/GCC/arm-gnu-toolchain-13.2.Rel1-mingw-w64-i686-arm-none-eabi/bin/../lib/gcc/arm-none-eabi/13.2.1/thumb/v7e-m+fp/hard\libstdc++.a(cp-demangle.o)
 .text.d_maybe_module_name
                0x08006f94       0x60 D:/Distrib/GCC/arm-gnu-toolchain-13.2.Rel1-mingw-w64-i686-arm-none-eabi/bin/../lib/gcc/arm-none-eabi/13.2.1/thumb/v7e-m+fp/hard\libstdc++.a(cp-demangle.o)
 .text.d_type   0x08006ff4      0x7c4 D:/Distrib/GCC/arm-gnu-toolchain-13.2.Rel1-mingw-w64-i686-arm-none-eabi/bin/../lib/gcc/arm-none-eabi/13.2.1/thumb/v7e-m+fp/hard\libstdc++.a(cp-demangle.o)
 .text.d_parmlist
                0x080077b8       0x88 D:/Distrib/GCC/arm-gnu-toolchain-13.2.Rel1-mingw-w64-i686-arm-none-eabi/bin/../lib/gcc/arm-none-eabi/13.2.1/thumb/v7e-m+fp/hard\libstdc++.a(cp-demangle.o)
 .text.d_bare_function_type
                0x08007840       0x48 D:/Distrib/GCC/arm-gnu-toolchain-13.2.Rel1-mingw-w64-i686-arm-none-eabi/bin/../lib/gcc/arm-none-eabi/13.2.1/thumb/v7e-m+fp/hard\libstdc++.a(cp-demangle.o)
 .text.d_function_type
                0x08007888       0x8c D:/Distrib/GCC/arm-gnu-toolchain-13.2.Rel1-mingw-w64-i686-arm-none-eabi/bin/../lib/gcc/arm-none-eabi/13.2.1/thumb/v7e-m+fp/hard\libstdc++.a(cp-demangle.o)
 .text.d_template_parm
                0x08007914       0x94 D:/Distrib/GCC/arm-gnu-toolchain-13.2.Rel1-mingw-w64-i686-arm-none-eabi/bin/../lib/gcc/arm-none-eabi/13.2.1/thumb/v7e-m+fp/hard\libstdc++.a(cp-demangle.o)
 .text.d_template_head
                0x080079a8       0x3c D:/Distrib/GCC/arm-gnu-toolchain-13.2.Rel1-mingw-w64-i686-arm-none-eabi/bin/../lib/gcc/arm-none-eabi/13.2.1/thumb/v7e-m+fp/hard\libstdc++.a(cp-demangle.o)
 .text.d_operator_name
                0x080079e4      0x100 D:/Distrib/GCC/arm-gnu-toolchain-13.2.Rel1-mingw-w64-i686-arm-none-eabi/bin/../lib/gcc/arm-none-eabi/13.2.1/thumb/v7e-m+fp/hard\libstdc++.a(cp-demangle.o)
 .text.d_unqualified_name
                0x08007ae4      0x39c D:/Distrib/GCC/arm-gnu-toolchain-13.2.Rel1-mingw-w64-i686-arm-none-eabi/bin/../lib/gcc/arm-none-eabi/13.2.1/thumb/v7e-m+fp/hard\libstdc++.a(cp-demangle.o)
 .text.d_expression_1
                0x08007e80      0x4ec D:/Distrib/GCC/arm-gnu-toolchain-13.2.Rel1-mingw-w64-i686-arm-none-eabi/bin/../lib/gcc/arm-none-eabi/13.2.1/thumb/v7e-m+fp/hard\libstdc++.a(cp-demangle.o)
 .text.d_exprlist
                0x0800836c       0x74 D:/Distrib/GCC/arm-gnu-toolchain-13.2.Rel1-mingw-w64-i686-arm-none-eabi/bin/../lib/gcc/arm-none-eabi/13.2.1/thumb/v7e-m+fp/hard\libstdc++.a(cp-demangle.o)
 .text.d_cv_qualifiers
                0x080083e0      0x154 D:/Distrib/GCC/arm-gnu-toolchain-13.2.Rel1-mingw-w64-i686-arm-none-eabi/bin/../lib/gcc/arm-none-eabi/13.2.1/thumb/v7e-m+fp/hard\libstdc++.a(cp-demangle.o)
 .text.d_name   0x08008534      0x2fc D:/Distrib/GCC/arm-gnu-toolchain-13.2.Rel1-mingw-w64-i686-arm-none-eabi/bin/../lib/gcc/arm-none-eabi/13.2.1/thumb/v7e-m+fp/hard\libstdc++.a(cp-demangle.o)
 .text.d_encoding.part.0
                0x08008830      0x100 D:/Distrib/GCC/arm-gnu-toolchain-13.2.Rel1-mingw-w64-i686-arm-none-eabi/bin/../lib/gcc/arm-none-eabi/13.2.1/thumb/v7e-m+fp/hard\libstdc++.a(cp-demangle.o)
 .text.d_special_name
                0x08008930      0x4a0 D:/Distrib/GCC/arm-gnu-toolchain-13.2.Rel1-mingw-w64-i686-arm-none-eabi/bin/../lib/gcc/arm-none-eabi/13.2.1/thumb/v7e-m+fp/hard\libstdc++.a(cp-demangle.o)
 .text.d_expr_primary
                0x08008dd0      0x11c D:/Distrib/GCC/arm-gnu-toolchain-13.2.Rel1-mingw-w64-i686-arm-none-eabi/bin/../lib/gcc/arm-none-eabi/13.2.1/thumb/v7e-m+fp/hard\libstdc++.a(cp-demangle.o)
 .text.d_template_arg
                0x08008eec       0x58 D:/Distrib/GCC/arm-gnu-toolchain-13.2.Rel1-mingw-w64-i686-arm-none-eabi/bin/../lib/gcc/arm-none-eabi/13.2.1/thumb/v7e-m+fp/hard\libstdc++.a(cp-demangle.o)
 .text.d_template_args_1
                0x08008f44       0x64 D:/Distrib/GCC/arm-gnu-toolchain-13.2.Rel1-mingw-w64-i686-arm-none-eabi/bin/../lib/gcc/arm-none-eabi/13.2.1/thumb/v7e-m+fp/hard\libstdc++.a(cp-demangle.o)
 .text.d_prefix
                0x08008fa8       0xc0 D:/Distrib/GCC/arm-gnu-toolchain-13.2.Rel1-mingw-w64-i686-arm-none-eabi/bin/../lib/gcc/arm-none-eabi/13.2.1/thumb/v7e-m+fp/hard\libstdc++.a(cp-demangle.o)
 .text.d_print_comp_inner
                0x08009068     0x259c D:/Distrib/GCC/arm-gnu-toolchain-13.2.Rel1-mingw-w64-i686-arm-none-eabi/bin/../lib/gcc/arm-none-eabi/13.2.1/thumb/v7e-m+fp/hard\libstdc++.a(cp-demangle.o)
 .text.d_print_comp
                0x0800b604       0x5c D:/Distrib/GCC/arm-gnu-toolchain-13.2.Rel1-mingw-w64-i686-arm-none-eabi/bin/../lib/gcc/arm-none-eabi/13.2.1/thumb/v7e-m+fp/hard\libstdc++.a(cp-demangle.o)
 .text.d_print_mod
                0x0800b660      0x624 D:/Distrib/GCC/arm-gnu-toolchain-13.2.Rel1-mingw-w64-i686-arm-none-eabi/bin/../lib/gcc/arm-none-eabi/13.2.1/thumb/v7e-m+fp/hard\libstdc++.a(cp-demangle.o)
 .text.d_print_function_type
                0x0800bc84      0x1d4 D:/Distrib/GCC/arm-gnu-toolchain-13.2.Rel1-mingw-w64-i686-arm-none-eabi/bin/../lib/gcc/arm-none-eabi/13.2.1/thumb/v7e-m+fp/hard\libstdc++.a(cp-demangle.o)
 .text.d_print_mod_list
                0x0800be58      0x240 D:/Distrib/GCC/arm-gnu-toolchain-13.2.Rel1-mingw-w64-i686-arm-none-eabi/bin/../lib/gcc/arm-none-eabi/13.2.1/thumb/v7e-m+fp/hard\libstdc++.a(cp-demangle.o)
 .text.d_print_array_type
                0x0800c098      0x1b0 D:/Distrib/GCC/arm-gnu-toolchain-13.2.Rel1-mingw-w64-i686-arm-none-eabi/bin/../lib/gcc/arm-none-eabi/13.2.1/thumb/v7e-m+fp/hard\libstdc++.a(cp-demangle.o)
 .text.d_print_expr_op
                0x0800c248       0x78 D:/Distrib/GCC/arm-gnu-toolchain-13.2.Rel1-mingw-w64-i686-arm-none-eabi/bin/../lib/gcc/arm-none-eabi/13.2.1/thumb/v7e-m+fp/hard\libstdc++.a(cp-demangle.o)
 .text.d_demangle_callback.constprop.0
                0x0800c2c0      0x380 D:/Distrib/GCC/arm-gnu-toolchain-13.2.Rel1-mingw-w64-i686-arm-none-eabi/bin/../lib/gcc/arm-none-eabi/13.2.1/thumb/v7e-m+fp/hard\libstdc++.a(cp-demangle.o)
 .text.d_print_subexpr
                0x0800c640       0xf4 D:/Distrib/GCC/arm-gnu-toolchain-13.2.Rel1-mingw-w64-i686-arm-none-eabi/bin/../lib/gcc/arm-none-eabi/13.2.1/thumb/v7e-m+fp/hard\libstdc++.a(cp-demangle.o)
 .text.d_maybe_print_fold_expression
                0x0800c734      0x268 D:/Distrib/GCC/arm-gnu-toolchain-13.2.Rel1-mingw-w64-i686-arm-none-eabi/bin/../lib/gcc/arm-none-eabi/13.2.1/thumb/v7e-m+fp/hard\libstdc++.a(cp-demangle.o)
 .text.d_maybe_print_designated_init
                0x0800c99c      0x1e0 D:/Distrib/GCC/arm-gnu-toolchain-13.2.Rel1-mingw-w64-i686-arm-none-eabi/bin/../lib/gcc/arm-none-eabi/13.2.1/thumb/v7e-m+fp/hard\libstdc++.a(cp-demangle.o)
 .text.__cxa_demangle
                0x0800cb7c       0xbc D:/Distrib/GCC/arm-gnu-toolchain-13.2.Rel1-mingw-w64-i686-arm-none-eabi/bin/../lib/gcc/arm-none-eabi/13.2.1/thumb/v7e-m+fp/hard\libstdc++.a(cp-demangle.o)
                0x0800cb7c                __cxa_demangle
 .text._ZdlPv   0x0800cc38        0x4 D:/Distrib/GCC/arm-gnu-toolchain-13.2.Rel1-mingw-w64-i686-arm-none-eabi/bin/../lib/gcc/arm-none-eabi/13.2.1/thumb/v7e-m+fp/hard\libstdc++.a(del_op.o)
                0x0800cc38                operator delete(void*)
 .text._ZN12_GLOBAL__N_14pool4freeEPv.constprop.0
                0x0800cc3c       0x80 D:/Distrib/GCC/arm-gnu-toolchain-13.2.Rel1-mingw-w64-i686-arm-none-eabi/bin/../lib/gcc/arm-none-eabi/13.2.1/thumb/v7e-m+fp/hard\libstdc++.a(eh_alloc.o)
 .text._ZN12_GLOBAL__N_14pool8allocateEj.constprop.0
                0x0800ccbc       0x58 D:/Distrib/GCC/arm-gnu-toolchain-13.2.Rel1-mingw-w64-i686-arm-none-eabi/bin/../lib/gcc/arm-none-eabi/13.2.1/thumb/v7e-m+fp/hard\libstdc++.a(eh_alloc.o)
 .text.__cxa_allocate_exception
                0x0800cd14       0x30 D:/Distrib/GCC/arm-gnu-toolchain-13.2.Rel1-mingw-w64-i686-arm-none-eabi/bin/../lib/gcc/arm-none-eabi/13.2.1/thumb/v7e-m+fp/hard\libstdc++.a(eh_alloc.o)
                0x0800cd14                __cxa_allocate_exception
 .text.__cxa_free_exception
                0x0800cd44       0x20 D:/Distrib/GCC/arm-gnu-toolchain-13.2.Rel1-mingw-w64-i686-arm-none-eabi/bin/../lib/gcc/arm-none-eabi/13.2.1/thumb/v7e-m+fp/hard\libstdc++.a(eh_alloc.o)
                0x0800cd44                __cxa_free_exception
 .text.startup._GLOBAL__sub_I__ZN9__gnu_cxx9__freeresEv
                0x0800cd64      0x100 D:/Distrib/GCC/arm-gnu-toolchain-13.2.Rel1-mingw-w64-i686-arm-none-eabi/bin/../lib/gcc/arm-none-eabi/13.2.1/thumb/v7e-m+fp/hard\libstdc++.a(eh_alloc.o)
 .text._ZN10__cxxabiv1L24__is_gxx_exception_classEPc
                0x0800ce64       0x3c D:/Distrib/GCC/arm-gnu-toolchain-13.2.Rel1-mingw-w64-i686-arm-none-eabi/bin/../lib/gcc/arm-none-eabi/13.2.1/thumb/v7e-m+fp/hard\libstdc++.a(eh_call.o)
 .text.__cxa_call_terminate
                0x0800cea0       0x20 D:/Distrib/GCC/arm-gnu-toolchain-13.2.Rel1-mingw-w64-i686-arm-none-eabi/bin/../lib/gcc/arm-none-eabi/13.2.1/thumb/v7e-m+fp/hard\libstdc++.a(eh_call.o)
                0x0800cea0                __cxa_call_terminate
 .text.unlikely.__cxa_call_unexpected
                0x0800cec0       0xd4 D:/Distrib/GCC/arm-gnu-toolchain-13.2.Rel1-mingw-w64-i686-arm-none-eabi/bin/../lib/gcc/arm-none-eabi/13.2.1/thumb/v7e-m+fp/hard\libstdc++.a(eh_call.o)
                0x0800cec0                __cxa_call_unexpected
 .text.__cxa_begin_catch
                0x0800cf94       0x7c D:/Distrib/GCC/arm-gnu-toolchain-13.2.Rel1-mingw-w64-i686-arm-none-eabi/bin/../lib/gcc/arm-none-eabi/13.2.1/thumb/v7e-m+fp/hard\libstdc++.a(eh_catch.o)
                0x0800cf94                __cxa_begin_catch
 .text.__cxa_end_catch
                0x0800d010       0x8c D:/Distrib/GCC/arm-gnu-toolchain-13.2.Rel1-mingw-w64-i686-arm-none-eabi/bin/../lib/gcc/arm-none-eabi/13.2.1/thumb/v7e-m+fp/hard\libstdc++.a(eh_catch.o)
                0x0800d010                __cxa_end_catch
 .text.__cxa_current_exception_type
                0x0800d09c       0x1c D:/Distrib/GCC/arm-gnu-toolchain-13.2.Rel1-mingw-w64-i686-arm-none-eabi/bin/../lib/gcc/arm-none-eabi/13.2.1/thumb/v7e-m+fp/hard\libstdc++.a(eh_type.o)
                0x0800d09c                __cxa_current_exception_type
 .text._ZSt15get_new_handlerv
                0x0800d0b8       0x10 D:/Distrib/GCC/arm-gnu-toolchain-13.2.Rel1-mingw-w64-i686-arm-none-eabi/bin/../lib/gcc/arm-none-eabi/13.2.1/thumb/v7e-m+fp/hard\libstdc++.a(new_handler.o)
                0x0800d0b8                std::get_new_handler()
 .text.selfrel_offset31
                0x0800d0c8       0x14 D:/Distrib/GCC/arm-gnu-toolchain-13.2.Rel1-mingw-w64-i686-arm-none-eabi/bin/../lib/gcc/arm-none-eabi/13.2.1/thumb/v7e-m+fp/hard\libgcc.a(unwind-arm.o)
 .text.search_EIT_table
                0x0800d0dc       0x68 D:/Distrib/GCC/arm-gnu-toolchain-13.2.Rel1-mingw-w64-i686-arm-none-eabi/bin/../lib/gcc/arm-none-eabi/13.2.1/thumb/v7e-m+fp/hard\libgcc.a(unwind-arm.o)
 .text.__gnu_unwind_get_pr_addr
                0x0800d144       0x28 D:/Distrib/GCC/arm-gnu-toolchain-13.2.Rel1-mingw-w64-i686-arm-none-eabi/bin/../lib/gcc/arm-none-eabi/13.2.1/thumb/v7e-m+fp/hard\libgcc.a(unwind-arm.o)
 .text.get_eit_entry
                0x0800d16c       0x98 D:/Distrib/GCC/arm-gnu-toolchain-13.2.Rel1-mingw-w64-i686-arm-none-eabi/bin/../lib/gcc/arm-none-eabi/13.2.1/thumb/v7e-m+fp/hard\libgcc.a(unwind-arm.o)
 .text.restore_non_core_regs
                0x0800d204       0x58 D:/Distrib/GCC/arm-gnu-toolchain-13.2.Rel1-mingw-w64-i686-arm-none-eabi/bin/../lib/gcc/arm-none-eabi/13.2.1/thumb/v7e-m+fp/hard\libgcc.a(unwind-arm.o)
 .text._Unwind_decode_typeinfo_ptr.constprop.0
                0x0800d25c        0xc D:/Distrib/GCC/arm-gnu-toolchain-13.2.Rel1-mingw-w64-i686-arm-none-eabi/bin/../lib/gcc/arm-none-eabi/13.2.1/thumb/v7e-m+fp/hard\libgcc.a(unwind-arm.o)
 .text._Unwind_DebugHook
                0x0800d268        0x4 D:/Distrib/GCC/arm-gnu-toolchain-13.2.Rel1-mingw-w64-i686-arm-none-eabi/bin/../lib/gcc/arm-none-eabi/13.2.1/thumb/v7e-m+fp/hard\libgcc.a(unwind-arm.o)
 .text.unwind_phase2
                0x0800d26c       0x3c D:/Distrib/GCC/arm-gnu-toolchain-13.2.Rel1-mingw-w64-i686-arm-none-eabi/bin/../lib/gcc/arm-none-eabi/13.2.1/thumb/v7e-m+fp/hard\libgcc.a(unwind-arm.o)
 .text.unwind_phase2_forced
                0x0800d2a8       0xd8 D:/Distrib/GCC/arm-gnu-toolchain-13.2.Rel1-mingw-w64-i686-arm-none-eabi/bin/../lib/gcc/arm-none-eabi/13.2.1/thumb/v7e-m+fp/hard\libgcc.a(unwind-arm.o)
 .text.__gnu_Unwind_RaiseException
                0x0800d380       0x68 D:/Distrib/GCC/arm-gnu-toolchain-13.2.Rel1-mingw-w64-i686-arm-none-eabi/bin/../lib/gcc/arm-none-eabi/13.2.1/thumb/v7e-m+fp/hard\libgcc.a(unwind-arm.o)
                0x0800d380                __gnu_Unwind_RaiseException
 .text.__gnu_Unwind_ForcedUnwind
                0x0800d3e8       0x10 D:/Distrib/GCC/arm-gnu-toolchain-13.2.Rel1-mingw-w64-i686-arm-none-eabi/bin/../lib/gcc/arm-none-eabi/13.2.1/thumb/v7e-m+fp/hard\libgcc.a(unwind-arm.o)
                0x0800d3e8                __gnu_Unwind_ForcedUnwind
 .text.__gnu_Unwind_Resume
                0x0800d3f8       0x44 D:/Distrib/GCC/arm-gnu-toolchain-13.2.Rel1-mingw-w64-i686-arm-none-eabi/bin/../lib/gcc/arm-none-eabi/13.2.1/thumb/v7e-m+fp/hard\libgcc.a(unwind-arm.o)
                0x0800d3f8                __gnu_Unwind_Resume
 .text.__gnu_Unwind_Resume_or_Rethrow
                0x0800d43c       0x14 D:/Distrib/GCC/arm-gnu-toolchain-13.2.Rel1-mingw-w64-i686-arm-none-eabi/bin/../lib/gcc/arm-none-eabi/13.2.1/thumb/v7e-m+fp/hard\libgcc.a(unwind-arm.o)
                0x0800d43c                __gnu_Unwind_Resume_or_Rethrow
 .text._Unwind_Complete
                0x0800d450        0x4 D:/Distrib/GCC/arm-gnu-toolchain-13.2.Rel1-mingw-w64-i686-arm-none-eabi/bin/../lib/gcc/arm-none-eabi/13.2.1/thumb/v7e-m+fp/hard\libgcc.a(unwind-arm.o)
                0x0800d450                _Unwind_Complete
 .text._Unwind_DeleteException
                0x0800d454        0xc D:/Distrib/GCC/arm-gnu-toolchain-13.2.Rel1-mingw-w64-i686-arm-none-eabi/bin/../lib/gcc/arm-none-eabi/13.2.1/thumb/v7e-m+fp/hard\libgcc.a(unwind-arm.o)